Archive member included to satisfy reference by file (symbol)

D:/STM32CubeIDE_1.16.1/STM32CubeIDE/plugins/com.st.stm32cube.ide.mcu.externaltools.gnu-tools-for-stm32.12.3.rel1.win32_1.0.200.202406191623/tools/bin/../lib/gcc/arm-none-eabi/12.3.1/../../../../arm-none-eabi/lib/thumb/v7-m/nofp\libc_nano.a(libc_a-exit.o)
                              D:/STM32CubeIDE_1.16.1/STM32CubeIDE/plugins/com.st.stm32cube.ide.mcu.externaltools.gnu-tools-for-stm32.12.3.rel1.win32_1.0.200.202406191623/tools/bin/../lib/gcc/arm-none-eabi/12.3.1/../../../../arm-none-eabi/lib/thumb/v7-m/nofp/crt0.o (exit)
D:/STM32CubeIDE_1.16.1/STM32CubeIDE/plugins/com.st.stm32cube.ide.mcu.externaltools.gnu-tools-for-stm32.12.3.rel1.win32_1.0.200.202406191623/tools/bin/../lib/gcc/arm-none-eabi/12.3.1/../../../../arm-none-eabi/lib/thumb/v7-m/nofp\libc_nano.a(libc_a-nano-vfprintf_float.o)
                              (_printf_float)
D:/STM32CubeIDE_1.16.1/STM32CubeIDE/plugins/com.st.stm32cube.ide.mcu.externaltools.gnu-tools-for-stm32.12.3.rel1.win32_1.0.200.202406191623/tools/bin/../lib/gcc/arm-none-eabi/12.3.1/../../../../arm-none-eabi/lib/thumb/v7-m/nofp\libc_nano.a(libc_a-nano-vfprintf_i.o)
                              D:/STM32CubeIDE_1.16.1/STM32CubeIDE/plugins/com.st.stm32cube.ide.mcu.externaltools.gnu-tools-for-stm32.12.3.rel1.win32_1.0.200.202406191623/tools/bin/../lib/gcc/arm-none-eabi/12.3.1/../../../../arm-none-eabi/lib/thumb/v7-m/nofp\libc_nano.a(libc_a-nano-vfprintf_float.o) (_printf_common)
D:/STM32CubeIDE_1.16.1/STM32CubeIDE/plugins/com.st.stm32cube.ide.mcu.externaltools.gnu-tools-for-stm32.12.3.rel1.win32_1.0.200.202406191623/tools/bin/../lib/gcc/arm-none-eabi/12.3.1/../../../../arm-none-eabi/lib/thumb/v7-m/nofp\libc_nano.a(libc_a-nano-vfscanf_float.o)
                              (_scanf_float)
D:/STM32CubeIDE_1.16.1/STM32CubeIDE/plugins/com.st.stm32cube.ide.mcu.externaltools.gnu-tools-for-stm32.12.3.rel1.win32_1.0.200.202406191623/tools/bin/../lib/gcc/arm-none-eabi/12.3.1/../../../../arm-none-eabi/lib/thumb/v7-m/nofp\libc_nano.a(libc_a-findfp.o)
                              ./Middlewares/Third_Party/FreeRTOS/Source/tasks.o (__sf)
D:/STM32CubeIDE_1.16.1/STM32CubeIDE/plugins/com.st.stm32cube.ide.mcu.externaltools.gnu-tools-for-stm32.12.3.rel1.win32_1.0.200.202406191623/tools/bin/../lib/gcc/arm-none-eabi/12.3.1/../../../../arm-none-eabi/lib/thumb/v7-m/nofp\libc_nano.a(libc_a-fwalk.o)
                              D:/STM32CubeIDE_1.16.1/STM32CubeIDE/plugins/com.st.stm32cube.ide.mcu.externaltools.gnu-tools-for-stm32.12.3.rel1.win32_1.0.200.202406191623/tools/bin/../lib/gcc/arm-none-eabi/12.3.1/../../../../arm-none-eabi/lib/thumb/v7-m/nofp\libc_nano.a(libc_a-findfp.o) (_fwalk_sglue)
D:/STM32CubeIDE_1.16.1/STM32CubeIDE/plugins/com.st.stm32cube.ide.mcu.externaltools.gnu-tools-for-stm32.12.3.rel1.win32_1.0.200.202406191623/tools/bin/../lib/gcc/arm-none-eabi/12.3.1/../../../../arm-none-eabi/lib/thumb/v7-m/nofp\libc_nano.a(libc_a-sprintf.o)
                              D:/STM32CubeIDE_1.16.1/STM32CubeIDE/plugins/com.st.stm32cube.ide.mcu.externaltools.gnu-tools-for-stm32.12.3.rel1.win32_1.0.200.202406191623/tools/bin/../lib/gcc/arm-none-eabi/12.3.1/../../../../arm-none-eabi/lib/thumb/v7-m/nofp\libc_nano.a(libc_a-nano-vfscanf_float.o) (sprintf)
D:/STM32CubeIDE_1.16.1/STM32CubeIDE/plugins/com.st.stm32cube.ide.mcu.externaltools.gnu-tools-for-stm32.12.3.rel1.win32_1.0.200.202406191623/tools/bin/../lib/gcc/arm-none-eabi/12.3.1/../../../../arm-none-eabi/lib/thumb/v7-m/nofp\libc_nano.a(libc_a-stdio.o)
                              D:/STM32CubeIDE_1.16.1/STM32CubeIDE/plugins/com.st.stm32cube.ide.mcu.externaltools.gnu-tools-for-stm32.12.3.rel1.win32_1.0.200.202406191623/tools/bin/../lib/gcc/arm-none-eabi/12.3.1/../../../../arm-none-eabi/lib/thumb/v7-m/nofp\libc_nano.a(libc_a-findfp.o) (__sread)
D:/STM32CubeIDE_1.16.1/STM32CubeIDE/plugins/com.st.stm32cube.ide.mcu.externaltools.gnu-tools-for-stm32.12.3.rel1.win32_1.0.200.202406191623/tools/bin/../lib/gcc/arm-none-eabi/12.3.1/../../../../arm-none-eabi/lib/thumb/v7-m/nofp\libc_nano.a(libc_a-vsnprintf.o)
                              ./VMC/Src/debug.o (vsnprintf)
D:/STM32CubeIDE_1.16.1/STM32CubeIDE/plugins/com.st.stm32cube.ide.mcu.externaltools.gnu-tools-for-stm32.12.3.rel1.win32_1.0.200.202406191623/tools/bin/../lib/gcc/arm-none-eabi/12.3.1/../../../../arm-none-eabi/lib/thumb/v7-m/nofp\libc_nano.a(libc_a-memset.o)
                              D:/STM32CubeIDE_1.16.1/STM32CubeIDE/plugins/com.st.stm32cube.ide.mcu.externaltools.gnu-tools-for-stm32.12.3.rel1.win32_1.0.200.202406191623/tools/bin/../lib/gcc/arm-none-eabi/12.3.1/../../../../arm-none-eabi/lib/thumb/v7-m/nofp/crt0.o (memset)
D:/STM32CubeIDE_1.16.1/STM32CubeIDE/plugins/com.st.stm32cube.ide.mcu.externaltools.gnu-tools-for-stm32.12.3.rel1.win32_1.0.200.202406191623/tools/bin/../lib/gcc/arm-none-eabi/12.3.1/../../../../arm-none-eabi/lib/thumb/v7-m/nofp\libc_nano.a(libc_a-localeconv.o)
[...]
Memory Configuration

Name             Origin             Length             Attributes
RAM              0x20000000         0x0000c000         xrw
FLASH            0x08000000         0x00040000         xr
*default*        0x00000000         0xffffffff

Linker script and memory map

LOAD D:/STM32CubeIDE_1.16.1/STM32CubeIDE/plugins/com.st.stm32cube.ide.mcu.externaltools.gnu-tools-for-stm32.12.3.rel1.win32_1.0.200.202406191623/tools/bin/../lib/gcc/arm-none-eabi/12.3.1/thumb/v7-m/nofp/crti.o
LOAD D:/STM32CubeIDE_1.16.1/STM32CubeIDE/plugins/com.st.stm32cube.ide.mcu.externaltools.gnu-tools-for-stm32.12.3.rel1.win32_1.0.200.202406191623/tools/bin/../lib/gcc/arm-none-eabi/12.3.1/thumb/v7-m/nofp/crtbegin.o
LOAD D:/STM32CubeIDE_1.16.1/STM32CubeIDE/plugins/com.st.stm32cube.ide.mcu.externaltools.gnu-tools-for-stm32.12.3.rel1.win32_1.0.200.202406191623/tools/bin/../lib/gcc/arm-none-eabi/12.3.1/../../../../arm-none-eabi/lib/thumb/v7-m/nofp/crt0.o
LOAD ./Core/Src/freertos.o
LOAD ./Core/Src/main.o
LOAD ./Core/Src/stm32f1xx_hal_msp.o
LOAD ./Core/Src/stm32f1xx_hal_timebase_tim.o
LOAD ./Core/Src/stm32f1xx_it.o
LOAD ./Core/Src/syscalls.o
LOAD ./Core/Src/sysmem.o
LOAD ./Core/Src/system_stm32f1xx.o
LOAD ./Core/Startup/startup_stm32f103rctx.o
LOAD ./Drivers/STM32F1xx_HAL_Driver/Src/stm32f1xx_hal.o
LOAD ./Drivers/STM32F1xx_HAL_Driver/Src/stm32f1xx_hal_adc.o
LOAD ./Drivers/STM32F1xx_HAL_Driver/Src/stm32f1xx_hal_adc_ex.o
LOAD ./Drivers/STM32F1xx_HAL_Driver/Src/stm32f1xx_hal_cortex.o
LOAD ./Drivers/STM32F1xx_HAL_Driver/Src/stm32f1xx_hal_dma.o
LOAD ./Drivers/STM32F1xx_HAL_Driver/Src/stm32f1xx_hal_exti.o
LOAD ./Drivers/STM32F1xx_HAL_Driver/Src/stm32f1xx_hal_flash.o
LOAD ./Drivers/STM32F1xx_HAL_Driver/Src/stm32f1xx_hal_flash_ex.o
LOAD ./Drivers/STM32F1xx_HAL_Driver/Src/stm32f1xx_hal_gpio.o
LOAD ./Drivers/STM32F1xx_HAL_Driver/Src/stm32f1xx_hal_gpio_ex.o
LOAD ./Drivers/STM32F1xx_HAL_Driver/Src/stm32f1xx_hal_pcd.o
LOAD ./Drivers/STM32F1xx_HAL_Driver/Src/stm32f1xx_hal_pcd_ex.o
LOAD ./Drivers/STM32F1xx_HAL_Driver/Src/stm32f1xx_hal_pwr.o
LOAD ./Drivers/STM32F1xx_HAL_Driver/Src/stm32f1xx_hal_rcc.o
LOAD ./Drivers/STM32F1xx_HAL_Driver/Src/stm32f1xx_hal_rcc_ex.o
LOAD ./Drivers/STM32F1xx_HAL_Driver/Src/stm32f1xx_hal_tim.o
LOAD ./Drivers/STM32F1xx_HAL_Driver/Src/stm32f1xx_hal_tim_ex.o
LOAD ./Drivers/STM32F1xx_HAL_Driver/Src/stm32f1xx_ll_usb.o
LOAD ./Middlewares/ST/STM32_USB_Device_Library/Class/CustomHID/Src/usbd_customhid.o
LOAD ./Middlewares/ST/STM32_USB_Device_Library/Core/Src/usbd_core.o
LOAD ./Middlewares/ST/STM32_USB_Device_Library/Core/Src/usbd_ctlreq.o
LOAD ./Middlewares/ST/STM32_USB_Device_Library/Core/Src/usbd_ioreq.o
LOAD ./Middlewares/Third_Party/FreeRTOS/Source/CMSIS_RTOS/cmsis_os.o
LOAD ./Middlewares/Third_Party/FreeRTOS/Source/croutine.o
LOAD ./Middlewares/Third_Party/FreeRTOS/Source/event_groups.o
LOAD ./Middlewares/Third_Party/FreeRTOS/Source/list.o
LOAD ./Middlewares/Third_Party/FreeRTOS/Source/queue.o
LOAD ./Middlewares/Third_Party/FreeRTOS/Source/stream_buffer.o
LOAD ./Middlewares/Third_Party/FreeRTOS/Source/tasks.o
LOAD ./Middlewares/Third_Party/FreeRTOS/Source/timers.o
LOAD ./Middlewares/Third_Party/FreeRTOS/Source/portable/GCC/ARM_CM3/port.o
LOAD ./Middlewares/Third_Party/FreeRTOS/Source/portable/MemMang/heap_4.o
LOAD ./USB_DEVICE/App/usb_device.o
LOAD ./USB_DEVICE/App/usbd_custom_hid_if.o
LOAD ./USB_DEVICE/App/usbd_desc.o
LOAD ./USB_DEVICE/Target/usbd_conf.o
LOAD ./VMC/Src/debug.o
LOAD ./VMC/Src/pid_dc.o
LOAD ./VMC/Src/pid_et.o
LOAD ./VMC/Src/pid_op.o
LOAD ./VMC/Src/pid_pool_mgr.o
LOAD ./VMC/Src/pid_state.o
LOAD ./VMC/Src/pid_struct.o
LOAD ./VMC/Src/pid_synthesizer.o
LOAD ./VMC/Src/pid_wheel_mgr.o
LOAD ./VMC/Src/rtos_timer_mgr.o
START GROUP
LOAD D:/STM32CubeIDE_1.16.1/STM32CubeIDE/plugins/com.st.stm32cube.ide.mcu.externaltools.gnu-tools-for-stm32.12.3.rel1.win32_1.0.200.202406191623/tools/bin/../lib/gcc/arm-none-eabi/12.3.1/../../../../arm-none-eabi/lib/thumb/v7-m/nofp\libc_nano.a
LOAD D:/STM32CubeIDE_1.16.1/STM32CubeIDE/plugins/com.st.stm32cube.ide.mcu.externaltools.gnu-tools-for-stm32.12.3.rel1.win32_1.0.200.202406191623/tools/bin/../lib/gcc/arm-none-eabi/12.3.1/../../../../arm-none-eabi/lib/thumb/v7-m/nofp\libm.a
END GROUP
START GROUP
LOAD D:/STM32CubeIDE_1.16.1/STM32CubeIDE/plugins/com.st.stm32cube.ide.mcu.externaltools.gnu-tools-for-stm32.12.3.rel1.win32_1.0.200.202406191623/tools/bin/../lib/gcc/arm-none-eabi/12.3.1/thumb/v7-m/nofp\libgcc.a
LOAD D:/STM32CubeIDE_1.16.1/STM32CubeIDE/plugins/com.st.stm32cube.ide.mcu.externaltools.gnu-tools-for-stm32.12.3.rel1.win32_1.0.200.202406191623/tools/bin/../lib/gcc/arm-none-eabi/12.3.1/../../../../arm-none-eabi/lib/thumb/v7-m/nofp\libc_nano.a
END GROUP
START GROUP
LOAD D:/STM32CubeIDE_1.16.1/STM32CubeIDE/plugins/com.st.stm32cube.ide.mcu.externaltools.gnu-tools-for-stm32.12.3.rel1.win32_1.0.200.202406191623/tools/bin/../lib/gcc/arm-none-eabi/12.3.1/thumb/v7-m/nofp\libgcc.a
LOAD D:/STM32CubeIDE_1.16.1/STM32CubeIDE/plugins/com.st.stm32cube.ide.mcu.externaltools.gnu-tools-for-stm32.12.3.rel1.win32_1.0.200.202406191623/tools/bin/../lib/gcc/arm-none-eabi/12.3.1/../../../../arm-none-eabi/lib/thumb/v7-m/nofp\libc_nano.a
LOAD D:/STM32CubeIDE_1.16.1/STM32CubeIDE/plugins/com.st.stm32cube.ide.mcu.externaltools.gnu-tools-for-stm32.12.3.rel1.win32_1.0.200.202406191623/tools/bin/../lib/gcc/arm-none-eabi/12.3.1/../../../../arm-none-eabi/lib/thumb/v7-m/nofp\libnosys.a
END GROUP
START GROUP
LOAD D:/STM32CubeIDE_1.16.1/STM32CubeIDE/plugins/com.st.stm32cube.ide.mcu.externaltools.gnu-tools-for-stm32.12.3.rel1.win32_1.0.200.202406191623/tools/bin/../lib/gcc/arm-none-eabi/12.3.1/thumb/v7-m/nofp\libgcc.a
LOAD D:/STM32CubeIDE_1.16.1/STM32CubeIDE/plugins/com.st.stm32cube.ide.mcu.externaltools.gnu-tools-for-stm32.12.3.rel1.win32_1.0.200.202406191623/tools/bin/../lib/gcc/arm-none-eabi/12.3.1/../../../../arm-none-eabi/lib/thumb/v7-m/nofp\libc_nano.a
LOAD D:/STM32CubeIDE_1.16.1/STM32CubeIDE/plugins/com.st.stm32cube.ide.mcu.externaltools.gnu-tools-for-stm32.12.3.rel1.win32_1.0.200.202406191623/tools/bin/../lib/gcc/arm-none-eabi/12.3.1/../../../../arm-none-eabi/lib/thumb/v7-m/nofp\libnosys.a
END GROUP
LOAD D:/STM32CubeIDE_1.16.1/STM32CubeIDE/plugins/com.st.stm32cube.ide.mcu.externaltools.gnu-tools-for-stm32.12.3.rel1.win32_1.0.200.202406191623/tools/bin/../lib/gcc/arm-none-eabi/12.3.1/thumb/v7-m/nofp/crtend.o
LOAD D:/STM32CubeIDE_1.16.1/STM32CubeIDE/plugins/com.st.stm32cube.ide.mcu.externaltools.gnu-tools-for-stm32.12.3.rel1.win32_1.0.200.202406191623/tools/bin/../lib/gcc/arm-none-eabi/12.3.1/thumb/v7-m/nofp/crtn.o
                0x2000c000                        _estack = (ORIGIN (RAM) + LENGTH (RAM))
                0x00004000                        _Min_Heap_Size = 0x4000
                0x00004000                        _Min_Stack_Size = 0x4000

.isr_vector     0x08000000      0x1e4
                0x08000000                        . = ALIGN (0x4)
 *(.isr_vector)
 .isr_vector    0x08000000      0x1e4 ./Core/Startup/startup_stm32f103rctx.o
                0x08000000                g_pfnVectors
                0x080001e4                        . = ALIGN (0x4)

.text           0x080001f0    0x16c30
                0x080001f0                        . = ALIGN (0x4)
 *(.text)
 .text          0x080001f0       0x40 D:/STM32CubeIDE_1.16.1/STM32CubeIDE/plugins/com.st.stm32cube.ide.mcu.externaltools.gnu-tools-for-stm32.12.3.rel1.win32_1.0.200.202406191623/tools/bin/../lib/gcc/arm-none-eabi/12.3.1/thumb/v7-m/nofp/crtbegin.o
 .text          0x08000230       0x10 D:/STM32CubeIDE_1.16.1/STM32CubeIDE/plugins/com.st.stm32cube.ide.mcu.externaltools.gnu-tools-for-stm32.12.3.rel1.win32_1.0.200.202406191623/tools/bin/../lib/gcc/arm-none-eabi/12.3.1/../../../../arm-none-eabi/lib/thumb/v7-m/nofp\libc_nano.a(libc_a-strlen.o)
                0x08000230                strlen
 .text          0x08000240      0x378 D:/STM32CubeIDE_1.16.1/STM32CubeIDE/plugins/com.st.stm32cube.ide.mcu.externaltools.gnu-tools-for-stm32.12.3.rel1.win32_1.0.200.202406191623/tools/bin/../lib/gcc/arm-none-eabi/12.3.1/thumb/v7-m/nofp\libgcc.a(_arm_addsubdf3.o)
                0x08000240                __aeabi_drsub
                0x08000248                __aeabi_dsub
                0x08000248                __subdf3
                0x0800024c                __aeabi_dadd
                0x0800024c                __adddf3
                0x080004c4                __floatunsidf
                0x080004c4                __aeabi_ui2d
                0x080004e4                __floatsidf
                0x080004e4                __aeabi_i2d
                0x08000508                __aeabi_f2d
                0x08000508                __extendsfdf2
                0x0800054c                __floatundidf
                0x0800054c                __aeabi_ul2d
                0x0800055c                __floatdidf
                0x0800055c                __aeabi_l2d
 .text          0x080005b8      0x424 D:/STM32CubeIDE_1.16.1/STM32CubeIDE/plugins/com.st.stm32cube.ide.mcu.externaltools.gnu-tools-for-stm32.12.3.rel1.win32_1.0.200.202406191623/tools/bin/../lib/gcc/arm-none-eabi/12.3.1/thumb/v7-m/nofp\libgcc.a(_arm_muldivdf3.o)
                0x080005b8                __aeabi_dmul
                0x080005b8                __muldf3
                0x0800080c                __divdf3
                0x0800080c                __aeabi_ddiv
 .text          0x080009dc      0x110 D:/STM32CubeIDE_1.16.1/STM32CubeIDE/plugins/com.st.stm32cube.ide.mcu.externaltools.gnu-tools-for-stm32.12.3.rel1.win32_1.0.200.202406191623/tools/bin/../lib/gcc/arm-none-eabi/12.3.1/thumb/v7-m/nofp\libgcc.a(_arm_cmpdf2.o)
                0x080009dc                __gtdf2
                0x080009dc                __gedf2
                0x080009e4                __ltdf2
                0x080009e4                __ledf2
                0x080009ec                __nedf2
                0x080009ec                __eqdf2
                0x080009ec                __cmpdf2
                0x08000a68                __aeabi_cdrcmple
                0x08000a78                __aeabi_cdcmpeq
                0x08000a78                __aeabi_cdcmple
                0x08000a88                __aeabi_dcmpeq
                0x08000a9c                __aeabi_dcmplt
                0x08000ab0                __aeabi_dcmple
                0x08000ac4                __aeabi_dcmpge
                0x08000ad8                __aeabi_dcmpgt
 .text          0x08000aec       0x2c D:/STM32CubeIDE_1.16.1/STM32CubeIDE/plugins/com.st.stm32cube.ide.mcu.externaltools.gnu-tools-for-stm32.12.3.rel1.win32_1.0.200.202406191623/tools/bin/../lib/gcc/arm-none-eabi/12.3.1/thumb/v7-m/nofp\libgcc.a(_arm_unorddf2.o)
                0x08000aec                __unorddf2
                0x08000aec                __aeabi_dcmpun
 .text          0x08000b18       0x50 D:/STM32CubeIDE_1.16.1/STM32CubeIDE/plugins/com.st.stm32cube.ide.mcu.externaltools.gnu-tools-for-stm32.12.3.rel1.win32_1.0.200.202406191623/tools/bin/../lib/gcc/arm-none-eabi/12.3.1/thumb/v7-m/nofp\libgcc.a(_arm_fixdfsi.o)
                0x08000b18                __aeabi_d2iz
                0x08000b18                __fixdfsi
 .text          0x08000b68       0x40 D:/STM32CubeIDE_1.16.1/STM32CubeIDE/plugins/com.st.stm32cube.ide.mcu.externaltools.gnu-tools-for-stm32.12.3.rel1.win32_1.0.200.202406191623/tools/bin/../lib/gcc/arm-none-eabi/12.3.1/thumb/v7-m/nofp\libgcc.a(_arm_fixunsdfsi.o)
                0x08000b68                __aeabi_d2uiz
                0x08000b68                __fixunsdfsi
 .text          0x08000ba8       0xa0 D:/STM32CubeIDE_1.16.1/STM32CubeIDE/plugins/com.st.stm32cube.ide.mcu.externaltools.gnu-tools-for-stm32.12.3.rel1.win32_1.0.200.202406191623/tools/bin/../lib/gcc/arm-none-eabi/12.3.1/thumb/v7-m/nofp\libgcc.a(_arm_truncdfsf2.o)
                0x08000ba8                __truncdfsf2
                0x08000ba8                __aeabi_d2f
 .text          0x08000c48      0x21c D:/STM32CubeIDE_1.16.1/STM32CubeIDE/plugins/com.st.stm32cube.ide.mcu.externaltools.gnu-tools-for-stm32.12.3.rel1.win32_1.0.200.202406191623/tools/bin/../lib/gcc/arm-none-eabi/12.3.1/thumb/v7-m/nofp\libgcc.a(_arm_addsubsf3.o)
                0x08000c48                __aeabi_frsub
                0x08000c50                __subsf3
                0x08000c50                __aeabi_fsub
                0x08000c54                __aeabi_fadd
                0x08000c54                __addsf3
                0x08000db4                __aeabi_ui2f
                0x08000db4                __floatunsisf
                0x08000dbc                __aeabi_i2f
                0x08000dbc                __floatsisf
                0x08000dd8                __aeabi_ul2f
                0x08000dd8                __floatundisf
                0x08000de8                __aeabi_l2f
                0x08000de8                __floatdisf
 .text          0x08000e64      0x2a0 D:/STM32CubeIDE_1.16.1/STM32CubeIDE/plugins/com.st.stm32cube.ide.mcu.externaltools.gnu-tools-for-stm32.12.3.rel1.win32_1.0.200.202406191623/tools/bin/../lib/gcc/arm-none-eabi/12.3.1/thumb/v7-m/nofp\libgcc.a(_arm_muldivsf3.o)
                0x08000e64                __mulsf3
                0x08000e64                __aeabi_fmul
                0x08000fcc                __aeabi_fdiv
                0x08000fcc                __divsf3
 .text          0x08001104       0xec D:/STM32CubeIDE_1.16.1/STM32CubeIDE/plugins/com.st.stm32cube.ide.mcu.externaltools.gnu-tools-for-stm32.12.3.rel1.win32_1.0.200.202406191623/tools/bin/../lib/gcc/arm-none-eabi/12.3.1/thumb/v7-m/nofp\libgcc.a(_arm_cmpsf2.o)
                0x08001104                __gesf2
                0x08001104                __gtsf2
                0x0800110c                __lesf2
                0x0800110c                __ltsf2
                0x08001114                __nesf2
                0x08001114                __eqsf2
                0x08001114                __cmpsf2
                0x08001174                __aeabi_cfrcmple
                0x0800117c                __aeabi_cfcmpeq
                0x0800117c                __aeabi_cfcmple
                0x0800118c                __aeabi_fcmpeq
                0x080011a0                __aeabi_fcmplt
                0x080011b4                __aeabi_fcmple
                0x080011c8                __aeabi_fcmpge
                0x080011dc                __aeabi_fcmpgt
 .text          0x080011f0       0x4c D:/STM32CubeIDE_1.16.1/STM32CubeIDE/plugins/com.st.stm32cube.ide.mcu.externaltools.gnu-tools-for-stm32.12.3.rel1.win32_1.0.200.202406191623/tools/bin/../lib/gcc/arm-none-eabi/12.3.1/thumb/v7-m/nofp\libgcc.a(_arm_fixsfsi.o)
                0x080011f0                __aeabi_f2iz
                0x080011f0                __fixsfsi
 .text          0x0800123c       0x40 D:/STM32CubeIDE_1.16.1/STM32CubeIDE/plugins/com.st.stm32cube.ide.mcu.externaltools.gnu-tools-for-stm32.12.3.rel1.win32_1.0.200.202406191623/tools/bin/../lib/gcc/arm-none-eabi/12.3.1/thumb/v7-m/nofp\libgcc.a(_arm_fixunssfsi.o)
                0x0800123c                __fixunssfsi
                0x0800123c                __aeabi_f2uiz
 .text          0x0800127c       0x30 D:/STM32CubeIDE_1.16.1/STM32CubeIDE/plugins/com.st.stm32cube.ide.mcu.externaltools.gnu-tools-for-stm32.12.3.rel1.win32_1.0.200.202406191623/tools/bin/../lib/gcc/arm-none-eabi/12.3.1/thumb/v7-m/nofp\libgcc.a(_fixdfdi.o)
                0x0800127c                __fixdfdi
                0x0800127c                __aeabi_d2lz
 .text          0x080012ac       0x3c D:/STM32CubeIDE_1.16.1/STM32CubeIDE/plugins/com.st.stm32cube.ide.mcu.externaltools.gnu-tools-for-stm32.12.3.rel1.win32_1.0.200.202406191623/tools/bin/../lib/gcc/arm-none-eabi/12.3.1/thumb/v7-m/nofp\libgcc.a(_fixunsdfdi.o)
                0x080012ac                __fixunsdfdi
                0x080012ac                __aeabi_d2ulz
 *(.text*)
 .text.vApplicationGetIdleTaskMemory
                0x080012e8       0x30 ./Core/Src/freertos.o
                0x080012e8                vApplicationGetIdleTaskMemory
 .text.vApplicationGetTimerTaskMemory
                0x08001318       0x34 ./Core/Src/freertos.o
                0x08001318                vApplicationGetTimerTaskMemory
 .text.SL_PID_Init
                0x0800134c       0x3a ./Core/Src/main.o
                0x0800134c                SL_PID_Init
 .text.SL_PID_Compute
                0x08001386       0x9c ./Core/Src/main.o
                0x08001386                SL_PID_Compute
 *fill*         0x08001422        0x2 
 .text.HAL_ADC_ConvCpltCallback
                0x08001424      0x180 ./Core/Src/main.o
                0x08001424                HAL_ADC_ConvCpltCallback
 .text.Read_Keys
                0x080015a4      0x290 ./Core/Src/main.o
                0x080015a4                Read_Keys
 .text.HAL_GPIO_EXTI_Callback
                0x08001834      0x11c ./Core/Src/main.o
                0x08001834                HAL_GPIO_EXTI_Callback
 .text.CMD_Set_uint16
                0x08001950       0x44 ./Core/Src/main.o
                0x08001950                CMD_Set_uint16
 .text.CMD_Set_float_from_buffer
                0x08001994       0x4e ./Core/Src/main.o
                0x08001994                CMD_Set_float_from_buffer
 .text.Get_uint64_from_buffer
                0x080019e2       0x56 ./Core/Src/main.o
                0x080019e2                Get_uint64_from_buffer
 .text.main     0x08001a38      0x110 ./Core/Src/main.o
                0x08001a38                main
 .text.SystemClock_Config
                0x08001b48       0xbe ./Core/Src/main.o
                0x08001b48                SystemClock_Config
 *fill*         0x08001c06        0x2 
 .text.MX_ADC1_Init
                0x08001c08       0xb8 ./Core/Src/main.o
 .text.MX_TIM1_Init
                0x08001cc0      0x140 ./Core/Src/main.o
 .text.MX_TIM2_Init
                0x08001e00      0x100 ./Core/Src/main.o
 .text.MX_TIM4_Init
                0x08001f00       0x9c ./Core/Src/main.o
 .text.MX_DMA_Init
                0x08001f9c       0x3c ./Core/Src/main.o
 .text.MX_GPIO_Init
                0x08001fd8      0x138 ./Core/Src/main.o
 .text.StartLEDTask
                0x08002110       0x48 ./Core/Src/main.o
                0x08002110                StartLEDTask
 .text.StartUSBOutputTask
                0x08002158      0x7d4 ./Core/Src/main.o
                0x08002158                StartUSBOutputTask
 .text.StartSynthesizerTask
                0x0800292c      0x234 ./Core/Src/main.o
                0x0800292c                StartSynthesizerTask
 .text.StartUSBInputTask
                0x08002b60       0xf4 ./Core/Src/main.o
                0x08002b60                StartUSBInputTask
 .text.HAL_TIM_PeriodElapsedCallback
                0x08002c54       0x24 ./Core/Src/main.o
                0x08002c54                HAL_TIM_PeriodElapsedCallback
 .text.Error_Handler
                0x08002c78        0xc ./Core/Src/main.o
                0x08002c78                Error_Handler
 .text.HAL_MspInit
                0x08002c84       0x70 ./Core/Src/stm32f1xx_hal_msp.o
                0x08002c84                HAL_MspInit
 .text.HAL_ADC_MspInit
                0x08002cf4       0xd0 ./Core/Src/stm32f1xx_hal_msp.o
                0x08002cf4                HAL_ADC_MspInit
 .text.HAL_TIM_Base_MspInit
                0x08002dc4       0x98 ./Core/Src/stm32f1xx_hal_msp.o
                0x08002dc4                HAL_TIM_Base_MspInit
 .text.HAL_TIM_MspPostInit
                0x08002e5c      0x104 ./Core/Src/stm32f1xx_hal_msp.o
                0x08002e5c                HAL_TIM_MspPostInit
 .text.HAL_InitTick
                0x08002f60       0xfc ./Core/Src/stm32f1xx_hal_timebase_tim.o
                0x08002f60                HAL_InitTick
 .text.NMI_Handler
                0x0800305c        0x8 ./Core/Src/stm32f1xx_it.o
                0x0800305c                NMI_Handler
 .text.HardFault_Handler
                0x08003064        0x8 ./Core/Src/stm32f1xx_it.o
                0x08003064                HardFault_Handler
 .text.MemManage_Handler
                0x0800306c        0x8 ./Core/Src/stm32f1xx_it.o
                0x0800306c                MemManage_Handler
 .text.BusFault_Handler
                0x08003074        0x8 ./Core/Src/stm32f1xx_it.o
                0x08003074                BusFault_Handler
 .text.UsageFault_Handler
                0x0800307c        0x8 ./Core/Src/stm32f1xx_it.o
                0x0800307c                UsageFault_Handler
 .text.DebugMon_Handler
                0x08003084        0xc ./Core/Src/stm32f1xx_it.o
                0x08003084                DebugMon_Handler
 .text.EXTI0_IRQHandler
                0x08003090        0xe ./Core/Src/stm32f1xx_it.o
                0x08003090                EXTI0_IRQHandler
 .text.EXTI1_IRQHandler
                0x0800309e        0xe ./Core/Src/stm32f1xx_it.o
                0x0800309e                EXTI1_IRQHandler
 .text.DMA1_Channel1_IRQHandler
                0x080030ac       0x14 ./Core/Src/stm32f1xx_it.o
                0x080030ac                DMA1_Channel1_IRQHandler
 .text.USB_LP_CAN1_RX0_IRQHandler
                0x080030c0       0x14 ./Core/Src/stm32f1xx_it.o
                0x080030c0                USB_LP_CAN1_RX0_IRQHandler
 .text.TIM3_IRQHandler
                0x080030d4       0x14 ./Core/Src/stm32f1xx_it.o
                0x080030d4                TIM3_IRQHandler
 .text.TIM4_IRQHandler
                0x080030e8       0x18 ./Core/Src/stm32f1xx_it.o
                0x080030e8                TIM4_IRQHandler
 .text._getpid  0x08003100        0xe ./Core/Src/syscalls.o
                0x08003100                _getpid
 .text._kill    0x0800310e       0x20 ./Core/Src/syscalls.o
                0x0800310e                _kill
 .text._exit    0x0800312e       0x16 ./Core/Src/syscalls.o
                0x0800312e                _exit
 .text._read    0x08003144       0x3a ./Core/Src/syscalls.o
                0x08003144                _read
 .text._write   0x0800317e       0x38 ./Core/Src/syscalls.o
                0x0800317e                _write
 .text._close   0x080031b6       0x16 ./Core/Src/syscalls.o
                0x080031b6                _close
 .text._fstat   0x080031cc       0x1e ./Core/Src/syscalls.o
                0x080031cc                _fstat
 .text._isatty  0x080031ea       0x14 ./Core/Src/syscalls.o
                0x080031ea                _isatty
 .text._lseek   0x080031fe       0x18 ./Core/Src/syscalls.o
                0x080031fe                _lseek
 *fill*         0x08003216        0x2 
 .text._sbrk    0x08003218       0x6c ./Core/Src/sysmem.o
                0x08003218                _sbrk
 .text.SystemInit
                0x08003284        0xc ./Core/Src/system_stm32f1xx.o
                0x08003284                SystemInit
 .text.Reset_Handler
                0x08003290       0x48 ./Core/Startup/startup_stm32f103rctx.o
                0x08003290                Reset_Handler
 .text.Default_Handler
                0x080032d8        0x2 ./Core/Startup/startup_stm32f103rctx.o
                0x080032d8                RTC_Alarm_IRQHandler
                0x080032d8                EXTI2_IRQHandler
                0x080032d8                TIM8_TRG_COM_IRQHandler
                0x080032d8                TIM8_CC_IRQHandler
                0x080032d8                TIM1_CC_IRQHandler
                0x080032d8                TIM6_IRQHandler
                0x080032d8                PVD_IRQHandler
                0x080032d8                SDIO_IRQHandler
                0x080032d8                EXTI3_IRQHandler
                0x080032d8                I2C2_EV_IRQHandler
                0x080032d8                ADC1_2_IRQHandler
                0x080032d8                SPI1_IRQHandler
                0x080032d8                TAMPER_IRQHandler
                0x080032d8                TIM8_UP_IRQHandler
                0x080032d8                DMA2_Channel2_IRQHandler
                0x080032d8                DMA1_Channel4_IRQHandler
                0x080032d8                USART3_IRQHandler
                0x080032d8                RTC_IRQHandler
                0x080032d8                DMA1_Channel7_IRQHandler
                0x080032d8                CAN1_RX1_IRQHandler
                0x080032d8                UART5_IRQHandler
                0x080032d8                ADC3_IRQHandler
                0x080032d8                DMA2_Channel1_IRQHandler
                0x080032d8                I2C1_EV_IRQHandler
                0x080032d8                DMA1_Channel6_IRQHandler
                0x080032d8                UART4_IRQHandler
                0x080032d8                RCC_IRQHandler
                0x080032d8                TIM1_TRG_COM_IRQHandler
                0x080032d8                Default_Handler
                0x080032d8                EXTI15_10_IRQHandler
                0x080032d8                TIM7_IRQHandler
                0x080032d8                TIM5_IRQHandler
                0x080032d8                EXTI9_5_IRQHandler
                0x080032d8                SPI2_IRQHandler
                0x080032d8                DMA1_Channel5_IRQHandler
                0x080032d8                EXTI4_IRQHandler
                0x080032d8                USB_HP_CAN1_TX_IRQHandler
                0x080032d8                DMA1_Channel3_IRQHandler
                0x080032d8                FSMC_IRQHandler
                0x080032d8                TIM1_UP_IRQHandler
                0x080032d8                WWDG_IRQHandler
                0x080032d8                TIM2_IRQHandler
                0x080032d8                TIM1_BRK_IRQHandler
                0x080032d8                DMA2_Channel4_5_IRQHandler
                0x080032d8                USART2_IRQHandler
                0x080032d8                I2C2_ER_IRQHandler
                0x080032d8                DMA1_Channel2_IRQHandler
                0x080032d8                TIM8_BRK_IRQHandler
                0x080032d8                CAN1_SCE_IRQHandler
                0x080032d8                FLASH_IRQHandler
                0x080032d8                USART1_IRQHandler
                0x080032d8                SPI3_IRQHandler
                0x080032d8                I2C1_ER_IRQHandler
                0x080032d8                USBWakeUp_IRQHandler
                0x080032d8                DMA2_Channel3_IRQHandler
 *fill*         0x080032da        0x2 
 .text.HAL_Init
                0x080032dc       0x2c ./Drivers/STM32F1xx_HAL_Driver/Src/stm32f1xx_hal.o
                0x080032dc                HAL_Init
 .text.HAL_IncTick
                0x08003308       0x24 ./Drivers/STM32F1xx_HAL_Driver/Src/stm32f1xx_hal.o
                0x08003308                HAL_IncTick
 .text.HAL_GetTick
                0x0800332c       0x14 ./Drivers/STM32F1xx_HAL_Driver/Src/stm32f1xx_hal.o
                0x0800332c                HAL_GetTick
 .text.HAL_ADC_Init
                0x08003340      0x1d4 ./Drivers/STM32F1xx_HAL_Driver/Src/stm32f1xx_hal_adc.o
                0x08003340                HAL_ADC_Init
 .text.HAL_ADC_Start_DMA
                0x08003514      0x1bc ./Drivers/STM32F1xx_HAL_Driver/Src/stm32f1xx_hal_adc.o
                0x08003514                HAL_ADC_Start_DMA
 .text.HAL_ADC_ConvHalfCpltCallback
                0x080036d0       0x12 ./Drivers/STM32F1xx_HAL_Driver/Src/stm32f1xx_hal_adc.o
                0x080036d0                HAL_ADC_ConvHalfCpltCallback
 .text.HAL_ADC_ErrorCallback
                0x080036e2       0x12 ./Drivers/STM32F1xx_HAL_Driver/Src/stm32f1xx_hal_adc.o
                0x080036e2                HAL_ADC_ErrorCallback
 .text.HAL_ADC_ConfigChannel
                0x080036f4      0x1f0 ./Drivers/STM32F1xx_HAL_Driver/Src/stm32f1xx_hal_adc.o
                0x080036f4                HAL_ADC_ConfigChannel
 .text.ADC_Enable
                0x080038e4       0xb4 ./Drivers/STM32F1xx_HAL_Driver/Src/stm32f1xx_hal_adc.o
                0x080038e4                ADC_Enable
 .text.ADC_ConversionStop_Disable
                0x08003998       0x82 ./Drivers/STM32F1xx_HAL_Driver/Src/stm32f1xx_hal_adc.o
                0x08003998                ADC_ConversionStop_Disable
 .text.ADC_DMAConvCplt
                0x08003a1a       0x7c ./Drivers/STM32F1xx_HAL_Driver/Src/stm32f1xx_hal_adc.o
                0x08003a1a                ADC_DMAConvCplt
 .text.ADC_DMAHalfConvCplt
                0x08003a96       0x1c ./Drivers/STM32F1xx_HAL_Driver/Src/stm32f1xx_hal_adc.o
                0x08003a96                ADC_DMAHalfConvCplt
 .text.ADC_DMAError
                0x08003ab2       0x34 ./Drivers/STM32F1xx_HAL_Driver/Src/stm32f1xx_hal_adc.o
                0x08003ab2                ADC_DMAError
 *fill*         0x08003ae6        0x2 
 .text.__NVIC_SetPriorityGrouping
                0x08003ae8       0x48 ./Drivers/STM32F1xx_HAL_Driver/Src/stm32f1xx_hal_cortex.o
 .text.__NVIC_GetPriorityGrouping
                0x08003b30       0x1c ./Drivers/STM32F1xx_HAL_Driver/Src/stm32f1xx_hal_cortex.o
 .text.__NVIC_EnableIRQ
                0x08003b4c       0x38 ./Drivers/STM32F1xx_HAL_Driver/Src/stm32f1xx_hal_cortex.o
 .text.__NVIC_SetPriority
                0x08003b84       0x54 ./Drivers/STM32F1xx_HAL_Driver/Src/stm32f1xx_hal_cortex.o
 .text.NVIC_EncodePriority
                0x08003bd8       0x64 ./Drivers/STM32F1xx_HAL_Driver/Src/stm32f1xx_hal_cortex.o
 .text.HAL_NVIC_SetPriorityGrouping
                0x08003c3c       0x16 ./Drivers/STM32F1xx_HAL_Driver/Src/stm32f1xx_hal_cortex.o
                0x08003c3c                HAL_NVIC_SetPriorityGrouping
 .text.HAL_NVIC_SetPriority
                0x08003c52       0x38 ./Drivers/STM32F1xx_HAL_Driver/Src/stm32f1xx_hal_cortex.o
                0x08003c52                HAL_NVIC_SetPriority
 .text.HAL_NVIC_EnableIRQ
                0x08003c8a       0x1c ./Drivers/STM32F1xx_HAL_Driver/Src/stm32f1xx_hal_cortex.o
                0x08003c8a                HAL_NVIC_EnableIRQ
 *fill*         0x08003ca6        0x2 
 .text.HAL_DMA_Init
                0x08003ca8       0xec ./Drivers/STM32F1xx_HAL_Driver/Src/stm32f1xx_hal_dma.o
                0x08003ca8                HAL_DMA_Init
 .text.HAL_DMA_Start_IT
                0x08003d94       0xc0 ./Drivers/STM32F1xx_HAL_Driver/Src/stm32f1xx_hal_dma.o
                0x08003d94                HAL_DMA_Start_IT
 .text.HAL_DMA_IRQHandler
                0x08003e54      0x478 ./Drivers/STM32F1xx_HAL_Driver/Src/stm32f1xx_hal_dma.o
                0x08003e54                HAL_DMA_IRQHandler
 .text.DMA_SetConfig
                0x080042cc       0x5a ./Drivers/STM32F1xx_HAL_Driver/Src/stm32f1xx_hal_dma.o
 *fill*         0x08004326        0x2 
 .text.HAL_GPIO_Init
                0x08004328      0x328 ./Drivers/STM32F1xx_HAL_Driver/Src/stm32f1xx_hal_gpio.o
                0x08004328                HAL_GPIO_Init
 .text.HAL_GPIO_WritePin
                0x08004650       0x30 ./Drivers/STM32F1xx_HAL_Driver/Src/stm32f1xx_hal_gpio.o
                0x08004650                HAL_GPIO_WritePin
 .text.HAL_GPIO_EXTI_IRQHandler
                0x08004680       0x30 ./Drivers/STM32F1xx_HAL_Driver/Src/stm32f1xx_hal_gpio.o
                0x08004680                HAL_GPIO_EXTI_IRQHandler
 .text.HAL_PCD_Init
                0x080046b0      0x1ec ./Drivers/STM32F1xx_HAL_Driver/Src/stm32f1xx_hal_pcd.o
                0x080046b0                HAL_PCD_Init
 .text.HAL_PCD_Start
                0x0800489c       0x4c ./Drivers/STM32F1xx_HAL_Driver/Src/stm32f1xx_hal_pcd.o
                0x0800489c                HAL_PCD_Start
 .text.HAL_PCD_IRQHandler
                0x080048e8      0x260 ./Drivers/STM32F1xx_HAL_Driver/Src/stm32f1xx_hal_pcd.o
                0x080048e8                HAL_PCD_IRQHandler
 .text.HAL_PCD_SetAddress
                0x08004b48       0x48 ./Drivers/STM32F1xx_HAL_Driver/Src/stm32f1xx_hal_pcd.o
                0x08004b48                HAL_PCD_SetAddress
 .text.HAL_PCD_EP_Open
                0x08004b90       0xba ./Drivers/STM32F1xx_HAL_Driver/Src/stm32f1xx_hal_pcd.o
                0x08004b90                HAL_PCD_EP_Open
 .text.HAL_PCD_EP_Close
                0x08004c4a       0x90 ./Drivers/STM32F1xx_HAL_Driver/Src/stm32f1xx_hal_pcd.o
                0x08004c4a                HAL_PCD_EP_Close
 .text.HAL_PCD_EP_Receive
                0x08004cda       0x62 ./Drivers/STM32F1xx_HAL_Driver/Src/stm32f1xx_hal_pcd.o
                0x08004cda                HAL_PCD_EP_Receive
 .text.HAL_PCD_EP_Transmit
                0x08004d3c       0x6e ./Drivers/STM32F1xx_HAL_Driver/Src/stm32f1xx_hal_pcd.o
                0x08004d3c                HAL_PCD_EP_Transmit
 .text.HAL_PCD_EP_SetStall
                0x08004daa       0xc0 ./Drivers/STM32F1xx_HAL_Driver/Src/stm32f1xx_hal_pcd.o
                0x08004daa                HAL_PCD_EP_SetStall
 .text.HAL_PCD_EP_ClrStall
                0x08004e6a       0xa8 ./Drivers/STM32F1xx_HAL_Driver/Src/stm32f1xx_hal_pcd.o
                0x08004e6a                HAL_PCD_EP_ClrStall
 .text.PCD_EP_ISR_Handler
                0x08004f12      0x79e ./Drivers/STM32F1xx_HAL_Driver/Src/stm32f1xx_hal_pcd.o
 .text.HAL_PCD_EP_DB_Receive
                0x080056b0      0x21a ./Drivers/STM32F1xx_HAL_Driver/Src/stm32f1xx_hal_pcd.o
 .text.HAL_PCD_EP_DB_Transmit
                0x080058ca      0x7f4 ./Drivers/STM32F1xx_HAL_Driver/Src/stm32f1xx_hal_pcd.o
 .text.HAL_PCDEx_PMAConfig
                0x080060be       0x84 ./Drivers/STM32F1xx_HAL_Driver/Src/stm32f1xx_hal_pcd_ex.o
                0x080060be                HAL_PCDEx_PMAConfig
 *fill*         0x08006142        0x2 
 .text.HAL_RCC_OscConfig
                0x08006144      0x504 ./Drivers/STM32F1xx_HAL_Driver/Src/stm32f1xx_hal_rcc.o
                0x08006144                HAL_RCC_OscConfig
 .text.HAL_RCC_ClockConfig
                0x08006648      0x1d4 ./Drivers/STM32F1xx_HAL_Driver/Src/stm32f1xx_hal_rcc.o
                0x08006648                HAL_RCC_ClockConfig
 .text.HAL_RCC_GetSysClockFreq
                0x0800681c       0xa8 ./Drivers/STM32F1xx_HAL_Driver/Src/stm32f1xx_hal_rcc.o
                0x0800681c                HAL_RCC_GetSysClockFreq
 .text.HAL_RCC_GetHCLKFreq
                0x080068c4       0x14 ./Drivers/STM32F1xx_HAL_Driver/Src/stm32f1xx_hal_rcc.o
                0x080068c4                HAL_RCC_GetHCLKFreq
 .text.HAL_RCC_GetPCLK1Freq
                0x080068d8       0x28 ./Drivers/STM32F1xx_HAL_Driver/Src/stm32f1xx_hal_rcc.o
                0x080068d8                HAL_RCC_GetPCLK1Freq
 .text.HAL_RCC_GetClockConfig
                0x08006900       0x60 ./Drivers/STM32F1xx_HAL_Driver/Src/stm32f1xx_hal_rcc.o
                0x08006900                HAL_RCC_GetClockConfig
 .text.RCC_Delay
                0x08006960       0x3c ./Drivers/STM32F1xx_HAL_Driver/Src/stm32f1xx_hal_rcc.o
 .text.HAL_RCCEx_PeriphCLKConfig
                0x0800699c      0x16c ./Drivers/STM32F1xx_HAL_Driver/Src/stm32f1xx_hal_rcc_ex.o
                0x0800699c                HAL_RCCEx_PeriphCLKConfig
 .text.HAL_TIM_Base_Init
                0x08006b08       0x9e ./Drivers/STM32F1xx_HAL_Driver/Src/stm32f1xx_hal_tim.o
                0x08006b08                HAL_TIM_Base_Init
 *fill*         0x08006ba6        0x2 
 .text.HAL_TIM_Base_Start_IT
                0x08006ba8       0xc0 ./Drivers/STM32F1xx_HAL_Driver/Src/stm32f1xx_hal_tim.o
                0x08006ba8                HAL_TIM_Base_Start_IT
 .text.HAL_TIM_PWM_Init
                0x08006c68       0x9e ./Drivers/STM32F1xx_HAL_Driver/Src/stm32f1xx_hal_tim.o
                0x08006c68                HAL_TIM_PWM_Init
 .text.HAL_TIM_PWM_MspInit
                0x08006d06       0x12 ./Drivers/STM32F1xx_HAL_Driver/Src/stm32f1xx_hal_tim.o
                0x08006d06                HAL_TIM_PWM_MspInit
 .text.HAL_TIM_PWM_Start
                0x08006d18      0x174 ./Drivers/STM32F1xx_HAL_Driver/Src/stm32f1xx_hal_tim.o
                0x08006d18                HAL_TIM_PWM_Start
 .text.HAL_TIM_PWM_Stop
                0x08006e8c       0xe0 ./Drivers/STM32F1xx_HAL_Driver/Src/stm32f1xx_hal_tim.o
                0x08006e8c                HAL_TIM_PWM_Stop
 .text.HAL_TIM_IRQHandler
                0x08006f6c      0x1e0 ./Drivers/STM32F1xx_HAL_Driver/Src/stm32f1xx_hal_tim.o
                0x08006f6c                HAL_TIM_IRQHandler
 .text.HAL_TIM_PWM_ConfigChannel
                0x0800714c      0x184 ./Drivers/STM32F1xx_HAL_Driver/Src/stm32f1xx_hal_tim.o
                0x0800714c                HAL_TIM_PWM_ConfigChannel
 .text.HAL_TIM_ConfigClockSource
                0x080072d0      0x18e ./Drivers/STM32F1xx_HAL_Driver/Src/stm32f1xx_hal_tim.o
                0x080072d0                HAL_TIM_ConfigClockSource
 .text.HAL_TIM_OC_DelayElapsedCallback
                0x0800745e       0x12 ./Drivers/STM32F1xx_HAL_Driver/Src/stm32f1xx_hal_tim.o
                0x0800745e                HAL_TIM_OC_DelayElapsedCallback
 .text.HAL_TIM_IC_CaptureCallback
                0x08007470       0x12 ./Drivers/STM32F1xx_HAL_Driver/Src/stm32f1xx_hal_tim.o
                0x08007470                HAL_TIM_IC_CaptureCallback
 .text.HAL_TIM_PWM_PulseFinishedCallback
                0x08007482       0x12 ./Drivers/STM32F1xx_HAL_Driver/Src/stm32f1xx_hal_tim.o
                0x08007482                HAL_TIM_PWM_PulseFinishedCallback
 .text.HAL_TIM_TriggerCallback
                0x08007494       0x12 ./Drivers/STM32F1xx_HAL_Driver/Src/stm32f1xx_hal_tim.o
                0x08007494                HAL_TIM_TriggerCallback
 *fill*         0x080074a6        0x2 
 .text.TIM_Base_SetConfig
                0x080074a8      0x10c ./Drivers/STM32F1xx_HAL_Driver/Src/stm32f1xx_hal_tim.o
                0x080074a8                TIM_Base_SetConfig
 .text.TIM_OC1_SetConfig
                0x080075b4       0xe0 ./Drivers/STM32F1xx_HAL_Driver/Src/stm32f1xx_hal_tim.o
 .text.TIM_OC2_SetConfig
                0x08007694       0xe8 ./Drivers/STM32F1xx_HAL_Driver/Src/stm32f1xx_hal_tim.o
                0x08007694                TIM_OC2_SetConfig
 .text.TIM_OC3_SetConfig
                0x0800777c       0xe8 ./Drivers/STM32F1xx_HAL_Driver/Src/stm32f1xx_hal_tim.o
 .text.TIM_OC4_SetConfig
                0x08007864       0xa8 ./Drivers/STM32F1xx_HAL_Driver/Src/stm32f1xx_hal_tim.o
 .text.TIM_TI1_ConfigInputStage
                0x0800790c       0x5c ./Drivers/STM32F1xx_HAL_Driver/Src/stm32f1xx_hal_tim.o
 .text.TIM_TI2_ConfigInputStage
                0x08007968       0x5e ./Drivers/STM32F1xx_HAL_Driver/Src/stm32f1xx_hal_tim.o
 .text.TIM_ITRx_SetConfig
                0x080079c6       0x34 ./Drivers/STM32F1xx_HAL_Driver/Src/stm32f1xx_hal_tim.o
 .text.TIM_ETR_SetConfig
                0x080079fa       0x3e ./Drivers/STM32F1xx_HAL_Driver/Src/stm32f1xx_hal_tim.o
                0x080079fa                TIM_ETR_SetConfig
 .text.TIM_CCxChannelCmd
                0x08007a38       0x48 ./Drivers/STM32F1xx_HAL_Driver/Src/stm32f1xx_hal_tim.o
                0x08007a38                TIM_CCxChannelCmd
 .text.HAL_TIMEx_MasterConfigSynchronization
                0x08007a80       0xd8 ./Drivers/STM32F1xx_HAL_Driver/Src/stm32f1xx_hal_tim_ex.o
                0x08007a80                HAL_TIMEx_MasterConfigSynchronization
 .text.HAL_TIMEx_ConfigBreakDeadTime
                0x08007b58       0xa2 ./Drivers/STM32F1xx_HAL_Driver/Src/stm32f1xx_hal_tim_ex.o
                0x08007b58                HAL_TIMEx_ConfigBreakDeadTime
 .text.HAL_TIMEx_CommutCallback
                0x08007bfa       0x12 ./Drivers/STM32F1xx_HAL_Driver/Src/stm32f1xx_hal_tim_ex.o
                0x08007bfa                HAL_TIMEx_CommutCallback
 .text.HAL_TIMEx_BreakCallback
                0x08007c0c       0x12 ./Drivers/STM32F1xx_HAL_Driver/Src/stm32f1xx_hal_tim_ex.o
                0x08007c0c                HAL_TIMEx_BreakCallback
 .text.USB_CoreInit
                0x08007c1e       0x1a ./Drivers/STM32F1xx_HAL_Driver/Src/stm32f1xx_ll_usb.o
                0x08007c1e                USB_CoreInit
 .text.USB_EnableGlobalInt
                0x08007c38       0x2c ./Drivers/STM32F1xx_HAL_Driver/Src/stm32f1xx_ll_usb.o
                0x08007c38                USB_EnableGlobalInt
 .text.USB_DisableGlobalInt
                0x08007c64       0x34 ./Drivers/STM32F1xx_HAL_Driver/Src/stm32f1xx_ll_usb.o
                0x08007c64                USB_DisableGlobalInt
 .text.USB_SetCurrentMode
                0x08007c98       0x18 ./Drivers/STM32F1xx_HAL_Driver/Src/stm32f1xx_ll_usb.o
                0x08007c98                USB_SetCurrentMode
 .text.USB_DevInit
                0x08007cb0       0x3a ./Drivers/STM32F1xx_HAL_Driver/Src/stm32f1xx_ll_usb.o
                0x08007cb0                USB_DevInit
 *fill*         0x08007cea        0x2 
 .text.USB_ActivateEndpoint
                0x08007cec      0x780 ./Drivers/STM32F1xx_HAL_Driver/Src/stm32f1xx_ll_usb.o
                0x08007cec                USB_ActivateEndpoint
 .text.USB_DeactivateEndpoint
                0x0800846c      0x3d8 ./Drivers/STM32F1xx_HAL_Driver/Src/stm32f1xx_ll_usb.o
                0x0800846c                USB_DeactivateEndpoint
 .text.USB_EPStartXfer
                0x08008844     0x1762 ./Drivers/STM32F1xx_HAL_Driver/Src/stm32f1xx_ll_usb.o
                0x08008844                USB_EPStartXfer
 .text.USB_EPSetStall
                0x08009fa6       0xa0 ./Drivers/STM32F1xx_HAL_Driver/Src/stm32f1xx_ll_usb.o
                0x08009fa6                USB_EPSetStall
 .text.USB_EPClearStall
                0x0800a046      0x15a ./Drivers/STM32F1xx_HAL_Driver/Src/stm32f1xx_ll_usb.o
                0x0800a046                USB_EPClearStall
 .text.USB_SetDevAddress
                0x0800a1a0       0x26 ./Drivers/STM32F1xx_HAL_Driver/Src/stm32f1xx_ll_usb.o
                0x0800a1a0                USB_SetDevAddress
 .text.USB_DevConnect
                0x0800a1c6       0x14 ./Drivers/STM32F1xx_HAL_Driver/Src/stm32f1xx_ll_usb.o
                0x0800a1c6                USB_DevConnect
 .text.USB_DevDisconnect
                0x0800a1da       0x14 ./Drivers/STM32F1xx_HAL_Driver/Src/stm32f1xx_ll_usb.o
                0x0800a1da                USB_DevDisconnect
 .text.USB_ReadInterrupts
                0x0800a1ee       0x1e ./Drivers/STM32F1xx_HAL_Driver/Src/stm32f1xx_ll_usb.o
                0x0800a1ee                USB_ReadInterrupts
 .text.USB_EP0_OutStart
                0x0800a20c       0x16 ./Drivers/STM32F1xx_HAL_Driver/Src/stm32f1xx_ll_usb.o
                0x0800a20c                USB_EP0_OutStart
 .text.USB_WritePMA
                0x0800a222       0x8a ./Drivers/STM32F1xx_HAL_Driver/Src/stm32f1xx_ll_usb.o
                0x0800a222                USB_WritePMA
 .text.USB_ReadPMA
                0x0800a2ac       0x9e ./Drivers/STM32F1xx_HAL_Driver/Src/stm32f1xx_ll_usb.o
                0x0800a2ac                USB_ReadPMA
 .text.USBD_CUSTOM_HID_Init
                0x0800a34a       0x84 ./Middlewares/ST/STM32_USB_Device_Library/Class/CustomHID/Src/usbd_customhid.o
 .text.USBD_CUSTOM_HID_DeInit
                0x0800a3ce       0x5c ./Middlewares/ST/STM32_USB_Device_Library/Class/CustomHID/Src/usbd_customhid.o
 *fill*         0x0800a42a        0x2 
 .text.USBD_CUSTOM_HID_Setup
                0x0800a42c      0x270 ./Middlewares/ST/STM32_USB_Device_Library/Class/CustomHID/Src/usbd_customhid.o
 .text.USBD_CUSTOM_HID_SendReport
                0x0800a69c       0x4e ./Middlewares/ST/STM32_USB_Device_Library/Class/CustomHID/Src/usbd_customhid.o
                0x0800a69c                USBD_CUSTOM_HID_SendReport
 *fill*         0x0800a6ea        0x2 
 .text.USBD_CUSTOM_HID_GetFSCfgDesc
                0x0800a6ec       0x20 ./Middlewares/ST/STM32_USB_Device_Library/Class/CustomHID/Src/usbd_customhid.o
 .text.USBD_CUSTOM_HID_GetHSCfgDesc
                0x0800a70c       0x20 ./Middlewares/ST/STM32_USB_Device_Library/Class/CustomHID/Src/usbd_customhid.o
 .text.USBD_CUSTOM_HID_GetOtherSpeedCfgDesc
                0x0800a72c       0x20 ./Middlewares/ST/STM32_USB_Device_Library/Class/CustomHID/Src/usbd_customhid.o
 .text.USBD_CUSTOM_HID_DataIn
                0x0800a74c       0x24 ./Middlewares/ST/STM32_USB_Device_Library/Class/CustomHID/Src/usbd_customhid.o
 .text.USBD_CUSTOM_HID_DataOut
                0x0800a770       0x40 ./Middlewares/ST/STM32_USB_Device_Library/Class/CustomHID/Src/usbd_customhid.o
 .text.USBD_CUSTOM_HID_EP0_RxReady
                0x0800a7b0       0x3c ./Middlewares/ST/STM32_USB_Device_Library/Class/CustomHID/Src/usbd_customhid.o
 .text.USBD_CUSTOM_HID_GetDeviceQualifierDesc
                0x0800a7ec       0x20 ./Middlewares/ST/STM32_USB_Device_Library/Class/CustomHID/Src/usbd_customhid.o
 .text.USBD_CUSTOM_HID_RegisterInterface
                0x0800a80c       0x2c ./Middlewares/ST/STM32_USB_Device_Library/Class/CustomHID/Src/usbd_customhid.o
                0x0800a80c                USBD_CUSTOM_HID_RegisterInterface
 .text.USBD_Init
                0x0800a838       0x56 ./Middlewares/ST/STM32_USB_Device_Library/Core/Src/usbd_core.o
                0x0800a838                USBD_Init
 .text.USBD_RegisterClass
                0x0800a88e       0x32 ./Middlewares/ST/STM32_USB_Device_Library/Core/Src/usbd_core.o
                0x0800a88e                USBD_RegisterClass
 .text.USBD_Start
                0x0800a8c0       0x18 ./Middlewares/ST/STM32_USB_Device_Library/Core/Src/usbd_core.o
                0x0800a8c0                USBD_Start
 .text.USBD_RunTestMode
                0x0800a8d8       0x14 ./Middlewares/ST/STM32_USB_Device_Library/Core/Src/usbd_core.o
                0x0800a8d8                USBD_RunTestMode
 .text.USBD_SetClassConfig
                0x0800a8ec       0x3e ./Middlewares/ST/STM32_USB_Device_Library/Core/Src/usbd_core.o
                0x0800a8ec                USBD_SetClassConfig
 .text.USBD_ClrClassConfig
                0x0800a92a       0x26 ./Middlewares/ST/STM32_USB_Device_Library/Core/Src/usbd_core.o
                0x0800a92a                USBD_ClrClassConfig
 .text.USBD_LL_SetupStage
                0x0800a950       0x9a ./Middlewares/ST/STM32_USB_Device_Library/Core/Src/usbd_core.o
                0x0800a950                USBD_LL_SetupStage
 .text.USBD_LL_DataOutStage
                0x0800a9ea       0xe2 ./Middlewares/ST/STM32_USB_Device_Library/Core/Src/usbd_core.o
                0x0800a9ea                USBD_LL_DataOutStage
 .text.USBD_LL_DataInStage
                0x0800aacc      0x14a ./Middlewares/ST/STM32_USB_Device_Library/Core/Src/usbd_core.o
                0x0800aacc                USBD_LL_DataInStage
 .text.USBD_LL_Reset
                0x0800ac16       0x82 ./Middlewares/ST/STM32_USB_Device_Library/Core/Src/usbd_core.o
                0x0800ac16                USBD_LL_Reset
 .text.USBD_LL_SetSpeed
                0x0800ac98       0x1e ./Middlewares/ST/STM32_USB_Device_Library/Core/Src/usbd_core.o
                0x0800ac98                USBD_LL_SetSpeed
 .text.USBD_LL_Suspend
                0x0800acb6       0x28 ./Middlewares/ST/STM32_USB_Device_Library/Core/Src/usbd_core.o
                0x0800acb6                USBD_LL_Suspend
 .text.USBD_LL_Resume
                0x0800acde       0x2a ./Middlewares/ST/STM32_USB_Device_Library/Core/Src/usbd_core.o
                0x0800acde                USBD_LL_Resume
 .text.USBD_LL_SOF
                0x0800ad08       0x34 ./Middlewares/ST/STM32_USB_Device_Library/Core/Src/usbd_core.o
                0x0800ad08                USBD_LL_SOF
 .text.USBD_StdDevReq
                0x0800ad3c       0xd4 ./Middlewares/ST/STM32_USB_Device_Library/Core/Src/usbd_ctlreq.o
                0x0800ad3c                USBD_StdDevReq
 .text.USBD_StdItfReq
                0x0800ae10       0x90 ./Middlewares/ST/STM32_USB_Device_Library/Core/Src/usbd_ctlreq.o
                0x0800ae10                USBD_StdItfReq
 .text.USBD_StdEPReq
                0x0800aea0      0x2c6 ./Middlewares/ST/STM32_USB_Device_Library/Core/Src/usbd_ctlreq.o
                0x0800aea0                USBD_StdEPReq
 *fill*         0x0800b166        0x2 
 .text.USBD_GetDescriptor
                0x0800b168      0x2d0 ./Middlewares/ST/STM32_USB_Device_Library/Core/Src/usbd_ctlreq.o
 .text.USBD_SetAddress
                0x0800b438       0x86 ./Middlewares/ST/STM32_USB_Device_Library/Core/Src/usbd_ctlreq.o
 *fill*         0x0800b4be        0x2 
 .text.USBD_SetConfig
                0x0800b4c0      0x11c ./Middlewares/ST/STM32_USB_Device_Library/Core/Src/usbd_ctlreq.o
 .text.USBD_GetConfig
                0x0800b5dc       0x6a ./Middlewares/ST/STM32_USB_Device_Library/Core/Src/usbd_ctlreq.o
 .text.USBD_GetStatus
                0x0800b646       0x66 ./Middlewares/ST/STM32_USB_Device_Library/Core/Src/usbd_ctlreq.o
 .text.USBD_SetFeature
                0x0800b6ac       0x28 ./Middlewares/ST/STM32_USB_Device_Library/Core/Src/usbd_ctlreq.o
 .text.USBD_ClrFeature
                0x0800b6d4       0x42 ./Middlewares/ST/STM32_USB_Device_Library/Core/Src/usbd_ctlreq.o
 .text.USBD_ParseSetupRequest
                0x0800b716       0x72 ./Middlewares/ST/STM32_USB_Device_Library/Core/Src/usbd_ctlreq.o
                0x0800b716                USBD_ParseSetupRequest
 .text.USBD_CtlError
                0x0800b788       0x22 ./Middlewares/ST/STM32_USB_Device_Library/Core/Src/usbd_ctlreq.o
                0x0800b788                USBD_CtlError
 .text.USBD_GetString
                0x0800b7aa       0x84 ./Middlewares/ST/STM32_USB_Device_Library/Core/Src/usbd_ctlreq.o
                0x0800b7aa                USBD_GetString
 .text.USBD_GetLen
                0x0800b82e       0x2e ./Middlewares/ST/STM32_USB_Device_Library/Core/Src/usbd_ctlreq.o
 .text.USBD_CtlSendData
                0x0800b85c       0x38 ./Middlewares/ST/STM32_USB_Device_Library/Core/Src/usbd_ioreq.o
                0x0800b85c                USBD_CtlSendData
 .text.USBD_CtlContinueSendData
                0x0800b894       0x24 ./Middlewares/ST/STM32_USB_Device_Library/Core/Src/usbd_ioreq.o
                0x0800b894                USBD_CtlContinueSendData
 .text.USBD_CtlPrepareRx
                0x0800b8b8       0x3c ./Middlewares/ST/STM32_USB_Device_Library/Core/Src/usbd_ioreq.o
                0x0800b8b8                USBD_CtlPrepareRx
 .text.USBD_CtlContinueRx
                0x0800b8f4       0x24 ./Middlewares/ST/STM32_USB_Device_Library/Core/Src/usbd_ioreq.o
                0x0800b8f4                USBD_CtlContinueRx
 .text.USBD_CtlSendStatus
                0x0800b918       0x26 ./Middlewares/ST/STM32_USB_Device_Library/Core/Src/usbd_ioreq.o
                0x0800b918                USBD_CtlSendStatus
 .text.USBD_CtlReceiveStatus
                0x0800b93e       0x26 ./Middlewares/ST/STM32_USB_Device_Library/Core/Src/usbd_ioreq.o
                0x0800b93e                USBD_CtlReceiveStatus
 .text.makeFreeRtosPriority
                0x0800b964       0x2e ./Middlewares/Third_Party/FreeRTOS/Source/CMSIS_RTOS/cmsis_os.o
 .text.osKernelStart
                0x0800b992        0xe ./Middlewares/Third_Party/FreeRTOS/Source/CMSIS_RTOS/cmsis_os.o
                0x0800b992                osKernelStart
 .text.osThreadCreate
                0x0800b9a0       0x98 ./Middlewares/Third_Party/FreeRTOS/Source/CMSIS_RTOS/cmsis_os.o
                0x0800b9a0                osThreadCreate
 .text.osDelay  0x0800ba38       0x28 ./Middlewares/Third_Party/FreeRTOS/Source/CMSIS_RTOS/cmsis_os.o
                0x0800ba38                osDelay
 .text.vListInitialise
                0x0800ba60       0x3e ./Middlewares/Third_Party/FreeRTOS/Source/list.o
                0x0800ba60                vListInitialise
 .text.vListInitialiseItem
                0x0800ba9e       0x18 ./Middlewares/Third_Party/FreeRTOS/Source/list.o
                0x0800ba9e                vListInitialiseItem
 .text.vListInsertEnd
                0x0800bab6       0x46 ./Middlewares/Third_Party/FreeRTOS/Source/list.o
                0x0800bab6                vListInsertEnd
 .text.vListInsert
                0x0800bafc       0x70 ./Middlewares/Third_Party/FreeRTOS/Source/list.o
                0x0800bafc                vListInsert
 .text.uxListRemove
                0x0800bb6c       0x52 ./Middlewares/Third_Party/FreeRTOS/Source/list.o
                0x0800bb6c                uxListRemove
 *fill*         0x0800bbbe        0x2 
 .text.xQueueGenericReset
                0x0800bbc0       0xd4 ./Middlewares/Third_Party/FreeRTOS/Source/queue.o
                0x0800bbc0                xQueueGenericReset
 .text.xQueueGenericCreateStatic
                0x0800bc94       0xfa ./Middlewares/Third_Party/FreeRTOS/Source/queue.o
                0x0800bc94                xQueueGenericCreateStatic
 .text.prvInitialiseNewQueue
                0x0800bd8e       0x3e ./Middlewares/Third_Party/FreeRTOS/Source/queue.o
 .text.xQueueGenericSend
                0x0800bdcc      0x204 ./Middlewares/Third_Party/FreeRTOS/Source/queue.o
                0x0800bdcc                xQueueGenericSend
 .text.xQueueGenericSendFromISR
                0x0800bfd0      0x13c ./Middlewares/Third_Party/FreeRTOS/Source/queue.o
                0x0800bfd0                xQueueGenericSendFromISR
 .text.xQueueReceive
                0x0800c10c      0x1c4 ./Middlewares/Third_Party/FreeRTOS/Source/queue.o
                0x0800c10c                xQueueReceive
 .text.prvCopyDataToQueue
                0x0800c2d0       0xd4 ./Middlewares/Third_Party/FreeRTOS/Source/queue.o
 .text.prvCopyDataFromQueue
                0x0800c3a4       0x4c ./Middlewares/Third_Party/FreeRTOS/Source/queue.o
 .text.prvUnlockQueue
                0x0800c3f0       0xa4 ./Middlewares/Third_Party/FreeRTOS/Source/queue.o
 .text.prvIsQueueEmpty
                0x0800c494       0x2c ./Middlewares/Third_Party/FreeRTOS/Source/queue.o
 .text.prvIsQueueFull
                0x0800c4c0       0x30 ./Middlewares/Third_Party/FreeRTOS/Source/queue.o
 .text.vQueueAddToRegistry
                0x0800c4f0       0x50 ./Middlewares/Third_Party/FreeRTOS/Source/queue.o
                0x0800c4f0                vQueueAddToRegistry
 .text.vQueueWaitForMessageRestricted
                0x0800c540       0x68 ./Middlewares/Third_Party/FreeRTOS/Source/queue.o
                0x0800c540                vQueueWaitForMessageRestricted
 .text.xTaskCreateStatic
                0x0800c5a8       0xc0 ./Middlewares/Third_Party/FreeRTOS/Source/tasks.o
                0x0800c5a8                xTaskCreateStatic
 .text.xTaskCreate
                0x0800c668       0x8a ./Middlewares/Third_Party/FreeRTOS/Source/tasks.o
                0x0800c668                xTaskCreate
 *fill*         0x0800c6f2        0x2 
 .text.prvInitialiseNewTask
                0x0800c6f4      0x140 ./Middlewares/Third_Party/FreeRTOS/Source/tasks.o
 .text.prvAddNewTaskToReadyList
                0x0800c834       0xd4 ./Middlewares/Third_Party/FreeRTOS/Source/tasks.o
 .text.vTaskDelay
                0x0800c908       0x6c ./Middlewares/Third_Party/FreeRTOS/Source/tasks.o
                0x0800c908                vTaskDelay
 .text.vTaskStartScheduler
                0x0800c974       0xe0 ./Middlewares/Third_Party/FreeRTOS/Source/tasks.o
                0x0800c974                vTaskStartScheduler
 .text.vTaskSuspendAll
                0x0800ca54       0x1c ./Middlewares/Third_Party/FreeRTOS/Source/tasks.o
                0x0800ca54                vTaskSuspendAll
 .text.xTaskResumeAll
                0x0800ca70      0x13c ./Middlewares/Third_Party/FreeRTOS/Source/tasks.o
                0x0800ca70                xTaskResumeAll
 .text.xTaskGetTickCount
                0x0800cbac       0x1c ./Middlewares/Third_Party/FreeRTOS/Source/tasks.o
                0x0800cbac                xTaskGetTickCount
 .text.xTaskIncrementTick
                0x0800cbc8      0x174 ./Middlewares/Third_Party/FreeRTOS/Source/tasks.o
                0x0800cbc8                xTaskIncrementTick
 .text.vTaskSwitchContext
                0x0800cd3c       0xc4 ./Middlewares/Third_Party/FreeRTOS/Source/tasks.o
                0x0800cd3c                vTaskSwitchContext
 .text.vTaskPlaceOnEventList
                0x0800ce00       0x4c ./Middlewares/Third_Party/FreeRTOS/Source/tasks.o
                0x0800ce00                vTaskPlaceOnEventList
 .text.vTaskPlaceOnEventListRestricted
                0x0800ce4c       0x58 ./Middlewares/Third_Party/FreeRTOS/Source/tasks.o
                0x0800ce4c                vTaskPlaceOnEventListRestricted
 .text.xTaskRemoveFromEventList
                0x0800cea4       0xc8 ./Middlewares/Third_Party/FreeRTOS/Source/tasks.o
                0x0800cea4                xTaskRemoveFromEventList
 .text.vTaskInternalSetTimeOutState
                0x0800cf6c       0x2c ./Middlewares/Third_Party/FreeRTOS/Source/tasks.o
                0x0800cf6c                vTaskInternalSetTimeOutState
 .text.xTaskCheckForTimeOut
                0x0800cf98       0xc8 ./Middlewares/Third_Party/FreeRTOS/Source/tasks.o
                0x0800cf98                xTaskCheckForTimeOut
 .text.vTaskMissedYield
                0x0800d060       0x18 ./Middlewares/Third_Party/FreeRTOS/Source/tasks.o
                0x0800d060                vTaskMissedYield
 .text.prvIdleTask
                0x0800d078       0x30 ./Middlewares/Third_Party/FreeRTOS/Source/tasks.o
 .text.prvInitialiseTaskLists
                0x0800d0a8       0x80 ./Middlewares/Third_Party/FreeRTOS/Source/tasks.o
 .text.prvCheckTasksWaitingTermination
                0x0800d128       0x5c ./Middlewares/Third_Party/FreeRTOS/Source/tasks.o
 .text.prvDeleteTCB
                0x0800d184       0x6a ./Middlewares/Third_Party/FreeRTOS/Source/tasks.o
 *fill*         0x0800d1ee        0x2 
 .text.prvResetNextTaskUnblockTime
                0x0800d1f0       0x40 ./Middlewares/Third_Party/FreeRTOS/Source/tasks.o
 .text.xTaskGetSchedulerState
                0x0800d230       0x3c ./Middlewares/Third_Party/FreeRTOS/Source/tasks.o
                0x0800d230                xTaskGetSchedulerState
 .text.xTaskPriorityDisinherit
                0x0800d26c      0x110 ./Middlewares/Third_Party/FreeRTOS/Source/tasks.o
                0x0800d26c                xTaskPriorityDisinherit
 .text.prvAddCurrentTaskToDelayedList
                0x0800d37c       0xcc ./Middlewares/Third_Party/FreeRTOS/Source/tasks.o
 .text.xTimerCreateTimerTask
                0x0800d448       0x94 ./Middlewares/Third_Party/FreeRTOS/Source/timers.o
                0x0800d448                xTimerCreateTimerTask
 .text.xTimerCreate
                0x0800d4dc       0x42 ./Middlewares/Third_Party/FreeRTOS/Source/timers.o
                0x0800d4dc                xTimerCreate
 .text.prvInitialiseNewTimer
                0x0800d51e       0x78 ./Middlewares/Third_Party/FreeRTOS/Source/timers.o
 *fill*         0x0800d596        0x2 
 .text.xTimerGenericCommand
                0x0800d598       0x9c ./Middlewares/Third_Party/FreeRTOS/Source/timers.o
                0x0800d598                xTimerGenericCommand
 .text.xTimerGetExpiryTime
                0x0800d634       0x3c ./Middlewares/Third_Party/FreeRTOS/Source/timers.o
                0x0800d634                xTimerGetExpiryTime
 .text.prvProcessExpiredTimer
                0x0800d670       0x9c ./Middlewares/Third_Party/FreeRTOS/Source/timers.o
 .text.prvTimerTask
                0x0800d70c       0x26 ./Middlewares/Third_Party/FreeRTOS/Source/timers.o
 *fill*         0x0800d732        0x2 
 .text.prvProcessTimerOrBlockTask
                0x0800d734       0x9c ./Middlewares/Third_Party/FreeRTOS/Source/timers.o
 .text.prvGetNextExpireTime
                0x0800d7d0       0x44 ./Middlewares/Third_Party/FreeRTOS/Source/timers.o
 .text.prvSampleTimeNow
                0x0800d814       0x40 ./Middlewares/Third_Party/FreeRTOS/Source/timers.o
 .text.prvInsertTimerInActiveList
                0x0800d854       0x84 ./Middlewares/Third_Party/FreeRTOS/Source/timers.o
 .text.prvProcessReceivedCommands
                0x0800d8d8      0x194 ./Middlewares/Third_Party/FreeRTOS/Source/timers.o
 .text.prvSwitchTimerLists
                0x0800da6c       0xcc ./Middlewares/Third_Party/FreeRTOS/Source/timers.o
 .text.prvCheckForValidListAndQueue
                0x0800db38       0x80 ./Middlewares/Third_Party/FreeRTOS/Source/timers.o
 .text.pvTimerGetTimerID
                0x0800dbb8       0x42 ./Middlewares/Third_Party/FreeRTOS/Source/timers.o
                0x0800dbb8                pvTimerGetTimerID
 *fill*         0x0800dbfa        0x2 
 .text.pxPortInitialiseStack
                0x0800dbfc       0x58 ./Middlewares/Third_Party/FreeRTOS/Source/portable/GCC/ARM_CM3/port.o
                0x0800dbfc                pxPortInitialiseStack
 .text.prvTaskExitError
                0x0800dc54       0x58 ./Middlewares/Third_Party/FreeRTOS/Source/portable/GCC/ARM_CM3/port.o
 *fill*         0x0800dcac        0x4 
 .text.SVC_Handler
                0x0800dcb0       0x28 ./Middlewares/Third_Party/FreeRTOS/Source/portable/GCC/ARM_CM3/port.o
                0x0800dcb0                SVC_Handler
 .text.prvPortStartFirstTask
                0x0800dcd8       0x20 ./Middlewares/Third_Party/FreeRTOS/Source/portable/GCC/ARM_CM3/port.o
 .text.xPortStartScheduler
                0x0800dcf8       0xe4 ./Middlewares/Third_Party/FreeRTOS/Source/portable/GCC/ARM_CM3/port.o
                0x0800dcf8                xPortStartScheduler
 .text.vPortEnterCritical
                0x0800dddc       0x60 ./Middlewares/Third_Party/FreeRTOS/Source/portable/GCC/ARM_CM3/port.o
                0x0800dddc                vPortEnterCritical
 .text.vPortExitCritical
                0x0800de3c       0x54 ./Middlewares/Third_Party/FreeRTOS/Source/portable/GCC/ARM_CM3/port.o
                0x0800de3c                vPortExitCritical
 .text.PendSV_Handler
                0x0800de90       0x48 ./Middlewares/Third_Party/FreeRTOS/Source/portable/GCC/ARM_CM3/port.o
                0x0800de90                PendSV_Handler
 .text.SysTick_Handler
                0x0800ded8       0x44 ./Middlewares/Third_Party/FreeRTOS/Source/portable/GCC/ARM_CM3/port.o
                0x0800ded8                SysTick_Handler
 .text.vPortSetupTimerInterrupt
                0x0800df1c       0x44 ./Middlewares/Third_Party/FreeRTOS/Source/portable/GCC/ARM_CM3/port.o
                0x0800df1c                vPortSetupTimerInterrupt
 .text.vPortValidateInterruptPriority
                0x0800df60       0x80 ./Middlewares/Third_Party/FreeRTOS/Source/portable/GCC/ARM_CM3/port.o
                0x0800df60                vPortValidateInterruptPriority
 .text.pvPortMalloc
                0x0800dfe0      0x19c ./Middlewares/Third_Party/FreeRTOS/Source/portable/MemMang/heap_4.o
                0x0800dfe0                pvPortMalloc
 .text.vPortFree
                0x0800e17c       0xc8 ./Middlewares/Third_Party/FreeRTOS/Source/portable/MemMang/heap_4.o
                0x0800e17c                vPortFree
 .text.prvHeapInit
                0x0800e244       0xc4 ./Middlewares/Third_Party/FreeRTOS/Source/portable/MemMang/heap_4.o
 .text.prvInsertBlockIntoFreeList
                0x0800e308       0xb0 ./Middlewares/Third_Party/FreeRTOS/Source/portable/MemMang/heap_4.o
 .text.MX_USB_DEVICE_Init
                0x0800e3b8       0x60 ./USB_DEVICE/App/usb_device.o
                0x0800e3b8                MX_USB_DEVICE_Init
 .text.CUSTOM_HID_Init_FS
                0x0800e418        0xe ./USB_DEVICE/App/usbd_custom_hid_if.o
 .text.CUSTOM_HID_DeInit_FS
                0x0800e426        0xe ./USB_DEVICE/App/usbd_custom_hid_if.o
 .text.CUSTOM_HID_OutEvent_FS
                0x0800e434       0x6c ./USB_DEVICE/App/usbd_custom_hid_if.o
 .text.CustomHID_SetFeature
                0x0800e4a0      0x168 ./USB_DEVICE/App/usbd_custom_hid_if.o
 .text.CustomHID_GetFeature
                0x0800e608      0x224 ./USB_DEVICE/App/usbd_custom_hid_if.o
 .text.USBD_FS_DeviceDescriptor
                0x0800e82c       0x24 ./USB_DEVICE/App/usbd_desc.o
                0x0800e82c                USBD_FS_DeviceDescriptor
 .text.USBD_FS_LangIDStrDescriptor
                0x0800e850       0x24 ./USB_DEVICE/App/usbd_desc.o
                0x0800e850                USBD_FS_LangIDStrDescriptor
 .text.USBD_FS_ProductStrDescriptor
                0x0800e874       0x3c ./USB_DEVICE/App/usbd_desc.o
                0x0800e874                USBD_FS_ProductStrDescriptor
 .text.USBD_FS_ManufacturerStrDescriptor
                0x0800e8b0       0x28 ./USB_DEVICE/App/usbd_desc.o
                0x0800e8b0                USBD_FS_ManufacturerStrDescriptor
 .text.USBD_FS_SerialStrDescriptor
                0x0800e8d8       0x24 ./USB_DEVICE/App/usbd_desc.o
                0x0800e8d8                USBD_FS_SerialStrDescriptor
 .text.USBD_FS_ConfigStrDescriptor
                0x0800e8fc       0x3c ./USB_DEVICE/App/usbd_desc.o
                0x0800e8fc                USBD_FS_ConfigStrDescriptor
 .text.USBD_FS_InterfaceStrDescriptor
                0x0800e938       0x3c ./USB_DEVICE/App/usbd_desc.o
                0x0800e938                USBD_FS_InterfaceStrDescriptor
 .text.Get_SerialNum
                0x0800e974       0x58 ./USB_DEVICE/App/usbd_desc.o
 .text.IntToUnicode
                0x0800e9cc       0x7c ./USB_DEVICE/App/usbd_desc.o
 .text.HAL_PCD_MspInit
                0x0800ea48       0x4c ./USB_DEVICE/Target/usbd_conf.o
                0x0800ea48                HAL_PCD_MspInit
 .text.HAL_PCD_SetupStageCallback
                0x0800ea94       0x24 ./USB_DEVICE/Target/usbd_conf.o
                0x0800ea94                HAL_PCD_SetupStageCallback
 .text.HAL_PCD_DataOutStageCallback
                0x0800eab8       0x36 ./USB_DEVICE/Target/usbd_conf.o
                0x0800eab8                HAL_PCD_DataOutStageCallback
 .text.HAL_PCD_DataInStageCallback
                0x0800eaee       0x34 ./USB_DEVICE/Target/usbd_conf.o
                0x0800eaee                HAL_PCD_DataInStageCallback
 .text.HAL_PCD_SOFCallback
                0x0800eb22       0x1c ./USB_DEVICE/Target/usbd_conf.o
                0x0800eb22                HAL_PCD_SOFCallback
 .text.HAL_PCD_ResetCallback
                0x0800eb3e       0x3c ./USB_DEVICE/Target/usbd_conf.o
                0x0800eb3e                HAL_PCD_ResetCallback
 *fill*         0x0800eb7a        0x2 
 .text.HAL_PCD_SuspendCallback
                0x0800eb7c       0x34 ./USB_DEVICE/Target/usbd_conf.o
                0x0800eb7c                HAL_PCD_SuspendCallback
 .text.HAL_PCD_ResumeCallback
                0x0800ebb0       0x1c ./USB_DEVICE/Target/usbd_conf.o
                0x0800ebb0                HAL_PCD_ResumeCallback
 .text.USBD_LL_Init
                0x0800ebcc       0xa0 ./USB_DEVICE/Target/usbd_conf.o
                0x0800ebcc                USBD_LL_Init
 .text.USBD_LL_Start
                0x0800ec6c       0x36 ./USB_DEVICE/Target/usbd_conf.o
                0x0800ec6c                USBD_LL_Start
 .text.USBD_LL_OpenEP
                0x0800eca2       0x4c ./USB_DEVICE/Target/usbd_conf.o
                0x0800eca2                USBD_LL_OpenEP
 .text.USBD_LL_CloseEP
                0x0800ecee       0x3e ./USB_DEVICE/Target/usbd_conf.o
                0x0800ecee                USBD_LL_CloseEP
 .text.USBD_LL_StallEP
                0x0800ed2c       0x3e ./USB_DEVICE/Target/usbd_conf.o
                0x0800ed2c                USBD_LL_StallEP
 .text.USBD_LL_ClearStallEP
                0x0800ed6a       0x3e ./USB_DEVICE/Target/usbd_conf.o
                0x0800ed6a                USBD_LL_ClearStallEP
 .text.USBD_LL_IsStallEP
                0x0800eda8       0x56 ./USB_DEVICE/Target/usbd_conf.o
                0x0800eda8                USBD_LL_IsStallEP
 .text.USBD_LL_SetUSBAddress
                0x0800edfe       0x3e ./USB_DEVICE/Target/usbd_conf.o
                0x0800edfe                USBD_LL_SetUSBAddress
 .text.USBD_LL_Transmit
                0x0800ee3c       0x46 ./USB_DEVICE/Target/usbd_conf.o
                0x0800ee3c                USBD_LL_Transmit
 .text.USBD_LL_PrepareReceive
                0x0800ee82       0x46 ./USB_DEVICE/Target/usbd_conf.o
                0x0800ee82                USBD_LL_PrepareReceive
 .text.USBD_static_malloc
                0x0800eec8       0x18 ./USB_DEVICE/Target/usbd_conf.o
                0x0800eec8                USBD_static_malloc
 .text.USBD_static_free
                0x0800eee0       0x12 ./USB_DEVICE/Target/usbd_conf.o
                0x0800eee0                USBD_static_free
 .text.HAL_PCDEx_SetConnectionState
                0x0800eef2       0x16 ./USB_DEVICE/Target/usbd_conf.o
                0x0800eef2                HAL_PCDEx_SetConnectionState
 .text.USBD_Get_USB_Status
                0x0800ef08       0x58 ./USB_DEVICE/Target/usbd_conf.o
 .text.DC_Enable_Actuators
                0x0800ef60       0x50 ./VMC/Src/pid_dc.o
                0x0800ef60                DC_Enable_Actuators
 .text.DC_Disable_Actuators
                0x0800efb0       0x40 ./VMC/Src/pid_dc.o
                0x0800efb0                DC_Disable_Actuators
 .text.DC_Effect_Stop_All
                0x0800eff0       0x48 ./VMC/Src/pid_dc.o
                0x0800eff0                DC_Effect_Stop_All
 .text.DC_Reset
                0x0800f038       0x2c ./VMC/Src/pid_dc.o
                0x0800f038                DC_Reset
 .text.DC_Effect_Pause
                0x0800f064       0x24 ./VMC/Src/pid_dc.o
                0x0800f064                DC_Effect_Pause
 .text.DC_Effect_Continue
                0x0800f088       0x24 ./VMC/Src/pid_dc.o
                0x0800f088                DC_Effect_Continue
 .text.OP_Effect_Start
                0x0800f0ac       0xa8 ./VMC/Src/pid_op.o
                0x0800f0ac                OP_Effect_Start
 .text.OP_Effect_Start_Solo
                0x0800f154       0xe0 ./VMC/Src/pid_op.o
                0x0800f154                OP_Effect_Start_Solo
 .text.OP_Effect_Stop
                0x0800f234       0x78 ./VMC/Src/pid_op.o
                0x0800f234                OP_Effect_Stop
 .text.Get_Available_RAM_Size
                0x0800f2ac       0x1c ./VMC/Src/pid_pool_mgr.o
                0x0800f2ac                Get_Available_RAM_Size
 .text.Create_New_Effect_PB
                0x0800f2c8      0x228 ./VMC/Src/pid_pool_mgr.o
                0x0800f2c8                Create_New_Effect_PB
 .text.Set_Effect_Parameter
                0x0800f4f0      0x10c ./VMC/Src/pid_pool_mgr.o
                0x0800f4f0                Set_Effect_Parameter
 .text.Add_Constant_Force_PB
                0x0800f5fc       0x78 ./VMC/Src/pid_pool_mgr.o
                0x0800f5fc                Add_Constant_Force_PB
 .text.Add_Ramp_Force_PB
                0x0800f674       0x90 ./VMC/Src/pid_pool_mgr.o
                0x0800f674                Add_Ramp_Force_PB
 .text.Add_Envelope_PB
                0x0800f704       0xc4 ./VMC/Src/pid_pool_mgr.o
                0x0800f704                Add_Envelope_PB
 .text.Add_Periodic_PB
                0x0800f7c8       0xc4 ./VMC/Src/pid_pool_mgr.o
                0x0800f7c8                Add_Periodic_PB
 .text.Add_Condition_PB
                0x0800f88c       0xec ./VMC/Src/pid_pool_mgr.o
                0x0800f88c                Add_Condition_PB
 .text.Free_Effect_PB
                0x0800f978      0x1e0 ./VMC/Src/pid_pool_mgr.o
                0x0800f978                Free_Effect_PB
 .text.Spring_PID_Init
                0x0800fb58       0x3a ./VMC/Src/pid_synthesizer.o
                0x0800fb58                Spring_PID_Init
 .text.PID_Compute
                0x0800fb92       0x9c ./VMC/Src/pid_synthesizer.o
                0x0800fb92                PID_Compute
 *fill*         0x0800fc2e        0x2 
 .text.Is_PWM_Running
                0x0800fc30       0x2c ./VMC/Src/pid_synthesizer.o
                0x0800fc30                Is_PWM_Running
 .text.Clear_PWM
                0x0800fc5c       0x20 ./VMC/Src/pid_synthesizer.o
                0x0800fc5c                Clear_PWM
 .text.Set_PWM_Value
                0x0800fc7c       0xbc ./VMC/Src/pid_synthesizer.o
                0x0800fc7c                Set_PWM_Value
 .text.Update_Time_Setp
                0x0800fd38       0x78 ./VMC/Src/pid_synthesizer.o
                0x0800fd38                Update_Time_Setp
 .text.Synthesize_Effects_To_PWM
                0x0800fdb0      0xfd0 ./VMC/Src/pid_synthesizer.o
                0x0800fdb0                Synthesize_Effects_To_PWM
 .text.Calculate_Steering_Wheel_Mechanical_Parameters
                0x08010d80       0x40 ./VMC/Src/pid_wheel_mgr.o
                0x08010d80                Calculate_Steering_Wheel_Mechanical_Parameters
 .text.Effect_Timer_Callback
                0x08010dc0      0x128 ./VMC/Src/rtos_timer_mgr.o
                0x08010dc0                Effect_Timer_Callback
 .text.Effect_Sample_Period_Callback
                0x08010ee8       0x48 ./VMC/Src/rtos_timer_mgr.o
                0x08010ee8                Effect_Sample_Period_Callback
 .text.Start_Timers
                0x08010f30      0x208 ./VMC/Src/rtos_timer_mgr.o
                0x08010f30                Start_Timers
 .text.Pause_All_Timers
                0x08011138      0x10c ./VMC/Src/rtos_timer_mgr.o
                0x08011138                Pause_All_Timers
 .text.Resume_All_Timers
                0x08011244      0x138 ./VMC/Src/rtos_timer_mgr.o
                0x08011244                Resume_All_Timers
 .text.Delete_All_Timers
                0x0801137c      0x168 ./VMC/Src/rtos_timer_mgr.o
                0x0801137c                Delete_All_Timers
 .text.Delete_Timer
                0x080114e4      0x14c ./VMC/Src/rtos_timer_mgr.o
                0x080114e4                Delete_Timer
 .text.Delete_Duration_Timer
                0x08011630       0xc8 ./VMC/Src/rtos_timer_mgr.o
                0x08011630                Delete_Duration_Timer
 .text.__cvt    0x080116f8       0xc8 D:/STM32CubeIDE_1.16.1/STM32CubeIDE/plugins/com.st.stm32cube.ide.mcu.externaltools.gnu-tools-for-stm32.12.3.rel1.win32_1.0.200.202406191623/tools/bin/../lib/gcc/arm-none-eabi/12.3.1/../../../../arm-none-eabi/lib/thumb/v7-m/nofp\libc_nano.a(libc_a-nano-vfprintf_float.o)
                0x080116f8                __cvt
 .text.__exponent
                0x080117c0       0x74 D:/STM32CubeIDE_1.16.1/STM32CubeIDE/plugins/com.st.stm32cube.ide.mcu.externaltools.gnu-tools-for-stm32.12.3.rel1.win32_1.0.200.202406191623/tools/bin/../lib/gcc/arm-none-eabi/12.3.1/../../../../arm-none-eabi/lib/thumb/v7-m/nofp\libc_nano.a(libc_a-nano-vfprintf_float.o)
                0x080117c0                __exponent
 .text._printf_float
                0x08011834      0x458 D:/STM32CubeIDE_1.16.1/STM32CubeIDE/plugins/com.st.stm32cube.ide.mcu.externaltools.gnu-tools-for-stm32.12.3.rel1.win32_1.0.200.202406191623/tools/bin/../lib/gcc/arm-none-eabi/12.3.1/../../../../arm-none-eabi/lib/thumb/v7-m/nofp\libc_nano.a(libc_a-nano-vfprintf_float.o)
                0x08011834                _printf_float
 .text._printf_common
                0x08011c8c       0xe4 D:/STM32CubeIDE_1.16.1/STM32CubeIDE/plugins/com.st.stm32cube.ide.mcu.externaltools.gnu-tools-for-stm32.12.3.rel1.win32_1.0.200.202406191623/tools/bin/../lib/gcc/arm-none-eabi/12.3.1/../../../../arm-none-eabi/lib/thumb/v7-m/nofp\libc_nano.a(libc_a-nano-vfprintf_i.o)
                0x08011c8c                _printf_common
 .text._printf_i
                0x08011d70      0x240 D:/STM32CubeIDE_1.16.1/STM32CubeIDE/plugins/com.st.stm32cube.ide.mcu.externaltools.gnu-tools-for-stm32.12.3.rel1.win32_1.0.200.202406191623/tools/bin/../lib/gcc/arm-none-eabi/12.3.1/../../../../arm-none-eabi/lib/thumb/v7-m/nofp\libc_nano.a(libc_a-nano-vfprintf_i.o)
                0x08011d70                _printf_i
 .text._scanf_float
                0x08011fb0      0x420 D:/STM32CubeIDE_1.16.1/STM32CubeIDE/plugins/com.st.stm32cube.ide.mcu.externaltools.gnu-tools-for-stm32.12.3.rel1.win32_1.0.200.202406191623/tools/bin/../lib/gcc/arm-none-eabi/12.3.1/../../../../arm-none-eabi/lib/thumb/v7-m/nofp\libc_nano.a(libc_a-nano-vfscanf_float.o)
                0x08011fb0                _scanf_float
 .text.std      0x080123d0       0x6c D:/STM32CubeIDE_1.16.1/STM32CubeIDE/plugins/com.st.stm32cube.ide.mcu.externaltools.gnu-tools-for-stm32.12.3.rel1.win32_1.0.200.202406191623/tools/bin/../lib/gcc/arm-none-eabi/12.3.1/../../../../arm-none-eabi/lib/thumb/v7-m/nofp\libc_nano.a(libc_a-findfp.o)
 .text.stdio_exit_handler
                0x0801243c       0x18 D:/STM32CubeIDE_1.16.1/STM32CubeIDE/plugins/com.st.stm32cube.ide.mcu.externaltools.gnu-tools-for-stm32.12.3.rel1.win32_1.0.200.202406191623/tools/bin/../lib/gcc/arm-none-eabi/12.3.1/../../../../arm-none-eabi/lib/thumb/v7-m/nofp\libc_nano.a(libc_a-findfp.o)
 .text.cleanup_stdio
                0x08012454       0x40 D:/STM32CubeIDE_1.16.1/STM32CubeIDE/plugins/com.st.stm32cube.ide.mcu.externaltools.gnu-tools-for-stm32.12.3.rel1.win32_1.0.200.202406191623/tools/bin/../lib/gcc/arm-none-eabi/12.3.1/../../../../arm-none-eabi/lib/thumb/v7-m/nofp\libc_nano.a(libc_a-findfp.o)
 .text.global_stdio_init.part.0
                0x08012494       0x3c D:/STM32CubeIDE_1.16.1/STM32CubeIDE/plugins/com.st.stm32cube.ide.mcu.externaltools.gnu-tools-for-stm32.12.3.rel1.win32_1.0.200.202406191623/tools/bin/../lib/gcc/arm-none-eabi/12.3.1/../../../../arm-none-eabi/lib/thumb/v7-m/nofp\libc_nano.a(libc_a-findfp.o)
 .text.__sfp_lock_acquire
                0x080124d0        0xc D:/STM32CubeIDE_1.16.1/STM32CubeIDE/plugins/com.st.stm32cube.ide.mcu.externaltools.gnu-tools-for-stm32.12.3.rel1.win32_1.0.200.202406191623/tools/bin/../lib/gcc/arm-none-eabi/12.3.1/../../../../arm-none-eabi/lib/thumb/v7-m/nofp\libc_nano.a(libc_a-findfp.o)
                0x080124d0                __sfp_lock_acquire
 .text.__sfp_lock_release
                0x080124dc        0xc D:/STM32CubeIDE_1.16.1/STM32CubeIDE/plugins/com.st.stm32cube.ide.mcu.externaltools.gnu-tools-for-stm32.12.3.rel1.win32_1.0.200.202406191623/tools/bin/../lib/gcc/arm-none-eabi/12.3.1/../../../../arm-none-eabi/lib/thumb/v7-m/nofp\libc_nano.a(libc_a-findfp.o)
                0x080124dc                __sfp_lock_release
 .text.__sinit  0x080124e8       0x30 D:/STM32CubeIDE_1.16.1/STM32CubeIDE/plugins/com.st.stm32cube.ide.mcu.externaltools.gnu-tools-for-stm32.12.3.rel1.win32_1.0.200.202406191623/tools/bin/../lib/gcc/arm-none-eabi/12.3.1/../../../../arm-none-eabi/lib/thumb/v7-m/nofp\libc_nano.a(libc_a-findfp.o)
                0x080124e8                __sinit
 .text._fwalk_sglue
                0x08012518       0x3c D:/STM32CubeIDE_1.16.1/STM32CubeIDE/plugins/com.st.stm32cube.ide.mcu.externaltools.gnu-tools-for-stm32.12.3.rel1.win32_1.0.200.202406191623/tools/bin/../lib/gcc/arm-none-eabi/12.3.1/../../../../arm-none-eabi/lib/thumb/v7-m/nofp\libc_nano.a(libc_a-fwalk.o)
                0x08012518                _fwalk_sglue
 .text.sprintf  0x08012554       0x40 D:/STM32CubeIDE_1.16.1/STM32CubeIDE/plugins/com.st.stm32cube.ide.mcu.externaltools.gnu-tools-for-stm32.12.3.rel1.win32_1.0.200.202406191623/tools/bin/../lib/gcc/arm-none-eabi/12.3.1/../../../../arm-none-eabi/lib/thumb/v7-m/nofp\libc_nano.a(libc_a-sprintf.o)
                0x08012554                siprintf
                0x08012554                sprintf
 .text.__sread  0x08012594       0x22 D:/STM32CubeIDE_1.16.1/STM32CubeIDE/plugins/com.st.stm32cube.ide.mcu.externaltools.gnu-tools-for-stm32.12.3.rel1.win32_1.0.200.202406191623/tools/bin/../lib/gcc/arm-none-eabi/12.3.1/../../../../arm-none-eabi/lib/thumb/v7-m/nofp\libc_nano.a(libc_a-stdio.o)
                0x08012594                __sread
 .text.__swrite
                0x080125b6       0x38 D:/STM32CubeIDE_1.16.1/STM32CubeIDE/plugins/com.st.stm32cube.ide.mcu.externaltools.gnu-tools-for-stm32.12.3.rel1.win32_1.0.200.202406191623/tools/bin/../lib/gcc/arm-none-eabi/12.3.1/../../../../arm-none-eabi/lib/thumb/v7-m/nofp\libc_nano.a(libc_a-stdio.o)
                0x080125b6                __swrite
 .text.__sseek  0x080125ee       0x24 D:/STM32CubeIDE_1.16.1/STM32CubeIDE/plugins/com.st.stm32cube.ide.mcu.externaltools.gnu-tools-for-stm32.12.3.rel1.win32_1.0.200.202406191623/tools/bin/../lib/gcc/arm-none-eabi/12.3.1/../../../../arm-none-eabi/lib/thumb/v7-m/nofp\libc_nano.a(libc_a-stdio.o)
                0x080125ee                __sseek
 .text.__sclose
                0x08012612        0x8 D:/STM32CubeIDE_1.16.1/STM32CubeIDE/plugins/com.st.stm32cube.ide.mcu.externaltools.gnu-tools-for-stm32.12.3.rel1.win32_1.0.200.202406191623/tools/bin/../lib/gcc/arm-none-eabi/12.3.1/../../../../arm-none-eabi/lib/thumb/v7-m/nofp\libc_nano.a(libc_a-stdio.o)
                0x08012612                __sclose
 .text.memset   0x0801261a       0x10 D:/STM32CubeIDE_1.16.1/STM32CubeIDE/plugins/com.st.stm32cube.ide.mcu.externaltools.gnu-tools-for-stm32.12.3.rel1.win32_1.0.200.202406191623/tools/bin/../lib/gcc/arm-none-eabi/12.3.1/../../../../arm-none-eabi/lib/thumb/v7-m/nofp\libc_nano.a(libc_a-memset.o)
                0x0801261a                memset
 *fill*         0x0801262a        0x2 
 .text._localeconv_r
                0x0801262c        0x8 D:/STM32CubeIDE_1.16.1/STM32CubeIDE/plugins/com.st.stm32cube.ide.mcu.externaltools.gnu-tools-for-stm32.12.3.rel1.win32_1.0.200.202406191623/tools/bin/../lib/gcc/arm-none-eabi/12.3.1/../../../../arm-none-eabi/lib/thumb/v7-m/nofp\libc_nano.a(libc_a-localeconv.o)
                0x0801262c                _localeconv_r
 .text._close_r
                0x08012634       0x20 D:/STM32CubeIDE_1.16.1/STM32CubeIDE/plugins/com.st.stm32cube.ide.mcu.externaltools.gnu-tools-for-stm32.12.3.rel1.win32_1.0.200.202406191623/tools/bin/../lib/gcc/arm-none-eabi/12.3.1/../../../../arm-none-eabi/lib/thumb/v7-m/nofp\libc_nano.a(libc_a-closer.o)
                0x08012634                _close_r
 .text._reclaim_reent
                0x08012654       0xac D:/STM32CubeIDE_1.16.1/STM32CubeIDE/plugins/com.st.stm32cube.ide.mcu.externaltools.gnu-tools-for-stm32.12.3.rel1.win32_1.0.200.202406191623/tools/bin/../lib/gcc/arm-none-eabi/12.3.1/../../../../arm-none-eabi/lib/thumb/v7-m/nofp\libc_nano.a(libc_a-reent.o)
                0x08012654                _reclaim_reent
 .text._lseek_r
                0x08012700       0x24 D:/STM32CubeIDE_1.16.1/STM32CubeIDE/plugins/com.st.stm32cube.ide.mcu.externaltools.gnu-tools-for-stm32.12.3.rel1.win32_1.0.200.202406191623/tools/bin/../lib/gcc/arm-none-eabi/12.3.1/../../../../arm-none-eabi/lib/thumb/v7-m/nofp\libc_nano.a(libc_a-lseekr.o)
                0x08012700                _lseek_r
 .text._read_r  0x08012724       0x24 D:/STM32CubeIDE_1.16.1/STM32CubeIDE/plugins/com.st.stm32cube.ide.mcu.externaltools.gnu-tools-for-stm32.12.3.rel1.win32_1.0.200.202406191623/tools/bin/../lib/gcc/arm-none-eabi/12.3.1/../../../../arm-none-eabi/lib/thumb/v7-m/nofp\libc_nano.a(libc_a-readr.o)
                0x08012724                _read_r
 .text._write_r
                0x08012748       0x24 D:/STM32CubeIDE_1.16.1/STM32CubeIDE/plugins/com.st.stm32cube.ide.mcu.externaltools.gnu-tools-for-stm32.12.3.rel1.win32_1.0.200.202406191623/tools/bin/../lib/gcc/arm-none-eabi/12.3.1/../../../../arm-none-eabi/lib/thumb/v7-m/nofp\libc_nano.a(libc_a-writer.o)
                0x08012748                _write_r
 .text.__errno  0x0801276c        0xc D:/STM32CubeIDE_1.16.1/STM32CubeIDE/plugins/com.st.stm32cube.ide.mcu.externaltools.gnu-tools-for-stm32.12.3.rel1.win32_1.0.200.202406191623/tools/bin/../lib/gcc/arm-none-eabi/12.3.1/../../../../arm-none-eabi/lib/thumb/v7-m/nofp\libc_nano.a(libc_a-errno.o)
                0x0801276c                __errno
 .text.__libc_init_array
                0x08012778       0x48 D:/STM32CubeIDE_1.16.1/STM32CubeIDE/plugins/com.st.stm32cube.ide.mcu.externaltools.gnu-tools-for-stm32.12.3.rel1.win32_1.0.200.202406191623/tools/bin/../lib/gcc/arm-none-eabi/12.3.1/../../../../arm-none-eabi/lib/thumb/v7-m/nofp\libc_nano.a(libc_a-init.o)
                0x08012778                __libc_init_array
 .text.__retarget_lock_init_recursive
                0x080127c0        0x2 D:/STM32CubeIDE_1.16.1/STM32CubeIDE/plugins/com.st.stm32cube.ide.mcu.externaltools.gnu-tools-for-stm32.12.3.rel1.win32_1.0.200.202406191623/tools/bin/../lib/gcc/arm-none-eabi/12.3.1/../../../../arm-none-eabi/lib/thumb/v7-m/nofp\libc_nano.a(libc_a-lock.o)
                0x080127c0                __retarget_lock_init_recursive
 .text.__retarget_lock_acquire_recursive
                0x080127c2        0x2 D:/STM32CubeIDE_1.16.1/STM32CubeIDE/plugins/com.st.stm32cube.ide.mcu.externaltools.gnu-tools-for-stm32.12.3.rel1.win32_1.0.200.202406191623/tools/bin/../lib/gcc/arm-none-eabi/12.3.1/../../../../arm-none-eabi/lib/thumb/v7-m/nofp\libc_nano.a(libc_a-lock.o)
                0x080127c2                __retarget_lock_acquire_recursive
 .text.__retarget_lock_release_recursive
                0x080127c4        0x2 D:/STM32CubeIDE_1.16.1/STM32CubeIDE/plugins/com.st.stm32cube.ide.mcu.externaltools.gnu-tools-for-stm32.12.3.rel1.win32_1.0.200.202406191623/tools/bin/../lib/gcc/arm-none-eabi/12.3.1/../../../../arm-none-eabi/lib/thumb/v7-m/nofp\libc_nano.a(libc_a-lock.o)
                0x080127c4                __retarget_lock_release_recursive
 .text.memchr   0x080127c6       0x1c D:/STM32CubeIDE_1.16.1/STM32CubeIDE/plugins/com.st.stm32cube.ide.mcu.externaltools.gnu-tools-for-stm32.12.3.rel1.win32_1.0.200.202406191623/tools/bin/../lib/gcc/arm-none-eabi/12.3.1/../../../../arm-none-eabi/lib/thumb/v7-m/nofp\libc_nano.a(libc_a-memchr-stub.o)
                0x080127c6                memchr
 .text.memcpy   0x080127e2       0x1c D:/STM32CubeIDE_1.16.1/STM32CubeIDE/plugins/com.st.stm32cube.ide.mcu.externaltools.gnu-tools-for-stm32.12.3.rel1.win32_1.0.200.202406191623/tools/bin/../lib/gcc/arm-none-eabi/12.3.1/../../../../arm-none-eabi/lib/thumb/v7-m/nofp\libc_nano.a(libc_a-memcpy-stub.o)
                0x080127e2                memcpy
 *fill*         0x080127fe        0x2 
 .text.nanf     0x08012800        0x8 D:/STM32CubeIDE_1.16.1/STM32CubeIDE/plugins/com.st.stm32cube.ide.mcu.externaltools.gnu-tools-for-stm32.12.3.rel1.win32_1.0.200.202406191623/tools/bin/../lib/gcc/arm-none-eabi/12.3.1/../../../../arm-none-eabi/lib/thumb/v7-m/nofp\libc_nano.a(libm_a-sf_nan.o)
                0x08012800                nanf
 .text.quorem   0x08012808      0x110 D:/STM32CubeIDE_1.16.1/STM32CubeIDE/plugins/com.st.stm32cube.ide.mcu.externaltools.gnu-tools-for-stm32.12.3.rel1.win32_1.0.200.202406191623/tools/bin/../lib/gcc/arm-none-eabi/12.3.1/../../../../arm-none-eabi/lib/thumb/v7-m/nofp\libc_nano.a(libc_a-dtoa.o)
 .text._dtoa_r  0x08012918      0xb90 D:/STM32CubeIDE_1.16.1/STM32CubeIDE/plugins/com.st.stm32cube.ide.mcu.externaltools.gnu-tools-for-stm32.12.3.rel1.win32_1.0.200.202406191623/tools/bin/../lib/gcc/arm-none-eabi/12.3.1/../../../../arm-none-eabi/lib/thumb/v7-m/nofp\libc_nano.a(libc_a-dtoa.o)
                0x08012918                _dtoa_r
 .text._free_r  0x080134a8       0x90 D:/STM32CubeIDE_1.16.1/STM32CubeIDE/plugins/com.st.stm32cube.ide.mcu.externaltools.gnu-tools-for-stm32.12.3.rel1.win32_1.0.200.202406191623/tools/bin/../lib/gcc/arm-none-eabi/12.3.1/../../../../arm-none-eabi/lib/thumb/v7-m/nofp\libc_nano.a(libc_a-freer.o)
                0x080134a8                _free_r
 .text.malloc   0x08013538       0x10 D:/STM32CubeIDE_1.16.1/STM32CubeIDE/plugins/com.st.stm32cube.ide.mcu.externaltools.gnu-tools-for-stm32.12.3.rel1.win32_1.0.200.202406191623/tools/bin/../lib/gcc/arm-none-eabi/12.3.1/../../../../arm-none-eabi/lib/thumb/v7-m/nofp\libc_nano.a(libc_a-malloc.o)
                0x08013538                malloc
 .text.sbrk_aligned
                0x08013548       0x44 D:/STM32CubeIDE_1.16.1/STM32CubeIDE/plugins/com.st.stm32cube.ide.mcu.externaltools.gnu-tools-for-stm32.12.3.rel1.win32_1.0.200.202406191623/tools/bin/../lib/gcc/arm-none-eabi/12.3.1/../../../../arm-none-eabi/lib/thumb/v7-m/nofp\libc_nano.a(libc_a-mallocr.o)
 .text._malloc_r
                0x0801358c      0x100 D:/STM32CubeIDE_1.16.1/STM32CubeIDE/plugins/com.st.stm32cube.ide.mcu.externaltools.gnu-tools-for-stm32.12.3.rel1.win32_1.0.200.202406191623/tools/bin/../lib/gcc/arm-none-eabi/12.3.1/../../../../arm-none-eabi/lib/thumb/v7-m/nofp\libc_nano.a(libc_a-mallocr.o)
                0x0801358c                _malloc_r
 .text.__malloc_lock
                0x0801368c        0xc D:/STM32CubeIDE_1.16.1/STM32CubeIDE/plugins/com.st.stm32cube.ide.mcu.externaltools.gnu-tools-for-stm32.12.3.rel1.win32_1.0.200.202406191623/tools/bin/../lib/gcc/arm-none-eabi/12.3.1/../../../../arm-none-eabi/lib/thumb/v7-m/nofp\libc_nano.a(libc_a-mlock.o)
                0x0801368c                __malloc_lock
 .text.__malloc_unlock
                0x08013698        0xc D:/STM32CubeIDE_1.16.1/STM32CubeIDE/plugins/com.st.stm32cube.ide.mcu.externaltools.gnu-tools-for-stm32.12.3.rel1.win32_1.0.200.202406191623/tools/bin/../lib/gcc/arm-none-eabi/12.3.1/../../../../arm-none-eabi/lib/thumb/v7-m/nofp\libc_nano.a(libc_a-mlock.o)
                0x08013698                __malloc_unlock
 .text._Balloc  0x080136a4       0x80 D:/STM32CubeIDE_1.16.1/STM32CubeIDE/plugins/com.st.stm32cube.ide.mcu.externaltools.gnu-tools-for-stm32.12.3.rel1.win32_1.0.200.202406191623/tools/bin/../lib/gcc/arm-none-eabi/12.3.1/../../../../arm-none-eabi/lib/thumb/v7-m/nofp\libc_nano.a(libc_a-mprec.o)
                0x080136a4                _Balloc
 .text._Bfree   0x08013724       0x44 D:/STM32CubeIDE_1.16.1/STM32CubeIDE/plugins/com.st.stm32cube.ide.mcu.externaltools.gnu-tools-for-stm32.12.3.rel1.win32_1.0.200.202406191623/tools/bin/../lib/gcc/arm-none-eabi/12.3.1/../../../../arm-none-eabi/lib/thumb/v7-m/nofp\libc_nano.a(libc_a-mprec.o)
                0x08013724                _Bfree
 .text.__multadd
                0x08013768       0x8c D:/STM32CubeIDE_1.16.1/STM32CubeIDE/plugins/com.st.stm32cube.ide.mcu.externaltools.gnu-tools-for-stm32.12.3.rel1.win32_1.0.200.202406191623/tools/bin/../lib/gcc/arm-none-eabi/12.3.1/../../../../arm-none-eabi/lib/thumb/v7-m/nofp\libc_nano.a(libc_a-mprec.o)
                0x08013768                __multadd
 .text.__s2b    0x080137f4       0x94 D:/STM32CubeIDE_1.16.1/STM32CubeIDE/plugins/com.st.stm32cube.ide.mcu.externaltools.gnu-tools-for-stm32.12.3.rel1.win32_1.0.200.202406191623/tools/bin/../lib/gcc/arm-none-eabi/12.3.1/../../../../arm-none-eabi/lib/thumb/v7-m/nofp\libc_nano.a(libc_a-mprec.o)
                0x080137f4                __s2b
 .text.__hi0bits
                0x08013888       0x3e D:/STM32CubeIDE_1.16.1/STM32CubeIDE/plugins/com.st.stm32cube.ide.mcu.externaltools.gnu-tools-for-stm32.12.3.rel1.win32_1.0.200.202406191623/tools/bin/../lib/gcc/arm-none-eabi/12.3.1/../../../../arm-none-eabi/lib/thumb/v7-m/nofp\libc_nano.a(libc_a-mprec.o)
                0x08013888                __hi0bits
 .text.__lo0bits
                0x080138c6       0x5a D:/STM32CubeIDE_1.16.1/STM32CubeIDE/plugins/com.st.stm32cube.ide.mcu.externaltools.gnu-tools-for-stm32.12.3.rel1.win32_1.0.200.202406191623/tools/bin/../lib/gcc/arm-none-eabi/12.3.1/../../../../arm-none-eabi/lib/thumb/v7-m/nofp\libc_nano.a(libc_a-mprec.o)
                0x080138c6                __lo0bits
 .text.__i2b    0x08013920       0x2c D:/STM32CubeIDE_1.16.1/STM32CubeIDE/plugins/com.st.stm32cube.ide.mcu.externaltools.gnu-tools-for-stm32.12.3.rel1.win32_1.0.200.202406191623/tools/bin/../lib/gcc/arm-none-eabi/12.3.1/../../../../arm-none-eabi/lib/thumb/v7-m/nofp\libc_nano.a(libc_a-mprec.o)
                0x08013920                __i2b
 .text.__multiply
                0x0801394c      0x150 D:/STM32CubeIDE_1.16.1/STM32CubeIDE/plugins/com.st.stm32cube.ide.mcu.externaltools.gnu-tools-for-stm32.12.3.rel1.win32_1.0.200.202406191623/tools/bin/../lib/gcc/arm-none-eabi/12.3.1/../../../../arm-none-eabi/lib/thumb/v7-m/nofp\libc_nano.a(libc_a-mprec.o)
                0x0801394c                __multiply
 .text.__pow5mult
                0x08013a9c       0xb4 D:/STM32CubeIDE_1.16.1/STM32CubeIDE/plugins/com.st.stm32cube.ide.mcu.externaltools.gnu-tools-for-stm32.12.3.rel1.win32_1.0.200.202406191623/tools/bin/../lib/gcc/arm-none-eabi/12.3.1/../../../../arm-none-eabi/lib/thumb/v7-m/nofp\libc_nano.a(libc_a-mprec.o)
                0x08013a9c                __pow5mult
 .text.__lshift
                0x08013b50       0xd8 D:/STM32CubeIDE_1.16.1/STM32CubeIDE/plugins/com.st.stm32cube.ide.mcu.externaltools.gnu-tools-for-stm32.12.3.rel1.win32_1.0.200.202406191623/tools/bin/../lib/gcc/arm-none-eabi/12.3.1/../../../../arm-none-eabi/lib/thumb/v7-m/nofp\libc_nano.a(libc_a-mprec.o)
                0x08013b50                __lshift
 .text.__mcmp   0x08013c28       0x36 D:/STM32CubeIDE_1.16.1/STM32CubeIDE/plugins/com.st.stm32cube.ide.mcu.externaltools.gnu-tools-for-stm32.12.3.rel1.win32_1.0.200.202406191623/tools/bin/../lib/gcc/arm-none-eabi/12.3.1/../../../../arm-none-eabi/lib/thumb/v7-m/nofp\libc_nano.a(libc_a-mprec.o)
                0x08013c28                __mcmp
 *fill*         0x08013c5e        0x2 
 .text.__mdiff  0x08013c60      0x128 D:/STM32CubeIDE_1.16.1/STM32CubeIDE/plugins/com.st.stm32cube.ide.mcu.externaltools.gnu-tools-for-stm32.12.3.rel1.win32_1.0.200.202406191623/tools/bin/../lib/gcc/arm-none-eabi/12.3.1/../../../../arm-none-eabi/lib/thumb/v7-m/nofp\libc_nano.a(libc_a-mprec.o)
                0x08013c60                __mdiff
 .text.__ulp    0x08013d88       0x40 D:/STM32CubeIDE_1.16.1/STM32CubeIDE/plugins/com.st.stm32cube.ide.mcu.externaltools.gnu-tools-for-stm32.12.3.rel1.win32_1.0.200.202406191623/tools/bin/../lib/gcc/arm-none-eabi/12.3.1/../../../../arm-none-eabi/lib/thumb/v7-m/nofp\libc_nano.a(libc_a-mprec.o)
                0x08013d88                __ulp
 .text.__b2d    0x08013dc8       0x90 D:/STM32CubeIDE_1.16.1/STM32CubeIDE/plugins/com.st.stm32cube.ide.mcu.externaltools.gnu-tools-for-stm32.12.3.rel1.win32_1.0.200.202406191623/tools/bin/../lib/gcc/arm-none-eabi/12.3.1/../../../../arm-none-eabi/lib/thumb/v7-m/nofp\libc_nano.a(libc_a-mprec.o)
                0x08013dc8                __b2d
 .text.__d2b    0x08013e58       0xb0 D:/STM32CubeIDE_1.16.1/STM32CubeIDE/plugins/com.st.stm32cube.ide.mcu.externaltools.gnu-tools-for-stm32.12.3.rel1.win32_1.0.200.202406191623/tools/bin/../lib/gcc/arm-none-eabi/12.3.1/../../../../arm-none-eabi/lib/thumb/v7-m/nofp\libc_nano.a(libc_a-mprec.o)
                0x08013e58                __d2b
 .text.__ratio  0x08013f08       0x60 D:/STM32CubeIDE_1.16.1/STM32CubeIDE/plugins/com.st.stm32cube.ide.mcu.externaltools.gnu-tools-for-stm32.12.3.rel1.win32_1.0.200.202406191623/tools/bin/../lib/gcc/arm-none-eabi/12.3.1/../../../../arm-none-eabi/lib/thumb/v7-m/nofp\libc_nano.a(libc_a-mprec.o)
                0x08013f08                __ratio
 .text.__copybits
                0x08013f68       0x46 D:/STM32CubeIDE_1.16.1/STM32CubeIDE/plugins/com.st.stm32cube.ide.mcu.externaltools.gnu-tools-for-stm32.12.3.rel1.win32_1.0.200.202406191623/tools/bin/../lib/gcc/arm-none-eabi/12.3.1/../../../../arm-none-eabi/lib/thumb/v7-m/nofp\libc_nano.a(libc_a-mprec.o)
                0x08013f68                __copybits